/data2/home/vcivale/miniconda3/envs/eaf_env/lib/python3.11/site-packages/outdated/__init__.py:36: UserWarning: pkg_resources is deprecated as an API. See https://setuptools.pypa.io/en/latest/pkg_resources.html. The pkg_resources package is slated for removal as early as 2025-11-30. Refrain from using this package or pin to Setuptools<81.
  from pkg_resources import parse_version
/data2/home/vcivale/projects/imaging/EAF/scripts/finetune_pruned.py:129: FutureWarning: You are using `torch.load` with `weights_only=False` (the current default value), which uses the default pickle module implicitly. It is possible to construct malicious pickle data which will execute arbitrary code during unpickling (See https://github.com/pytorch/pytorch/blob/main/SECURITY.md#untrusted-models for more details). In a future release, the default value for `weights_only` will be flipped to `True`. This limits the functions that could be executed during unpickling. Arbitrary objects will no longer be allowed to be loaded via this mode unless they are explicitly allowlisted by the user via `torch.serialization.add_safe_globals`. We recommend you start setting `weights_only=True` for any use case where you don't have full control of the loaded file. Please open an issue on GitHub for any issues related to this experimental feature.
  forecaster.load_state_dict(torch.load(forecaster_ckpt, map_location=device))
/data2/home/vcivale/projects/imaging/EAF/src/models/lora_classifier.py:69: FutureWarning: You are using `torch.load` with `weights_only=False` (the current default value), which uses the default pickle module implicitly. It is possible to construct malicious pickle data which will execute arbitrary code during unpickling (See https://github.com/pytorch/pytorch/blob/main/SECURITY.md#untrusted-models for more details). In a future release, the default value for `weights_only` will be flipped to `True`. This limits the functions that could be executed during unpickling. Arbitrary objects will no longer be allowed to be loaded via this mode unless they are explicitly allowlisted by the user via `torch.serialization.add_safe_globals`. We recommend you start setting `weights_only=True` for any use case where you don't have full control of the loaded file. Please open an issue on GitHub for any issues related to this experimental feature.
  state = torch.load(Path(ckpt_path), map_location=map_location)

Ep1:   0%|          | 0/58 [00:00<?, ?it/s]
Ep1:   2%|▏         | 1/58 [00:02<02:34,  2.71s/it]
Ep1:   3%|▎         | 2/58 [00:02<01:07,  1.21s/it]
Ep1:   5%|▌         | 3/58 [00:03<00:40,  1.37it/s]
Ep1:   7%|▋         | 4/58 [00:03<00:27,  1.97it/s]
Ep1:   9%|▊         | 5/58 [00:03<00:20,  2.61it/s]
Ep1:  10%|█         | 6/58 [00:03<00:16,  3.24it/s]
Ep1:  12%|█▏        | 7/58 [00:03<00:13,  3.86it/s]
Ep1:  14%|█▍        | 8/58 [00:03<00:11,  4.39it/s]
Ep1:  16%|█▌        | 9/58 [00:04<00:10,  4.77it/s]
Ep1:  17%|█▋        | 10/58 [00:04<00:09,  5.15it/s]
Ep1:  19%|█▉        | 11/58 [00:04<00:08,  5.47it/s]
Ep1:  21%|██        | 12/58 [00:04<00:08,  5.63it/s]
Ep1:  22%|██▏       | 13/58 [00:04<00:07,  5.82it/s]
Ep1:  24%|██▍       | 14/58 [00:04<00:07,  5.90it/s]
Ep1:  26%|██▌       | 15/58 [00:04<00:07,  6.05it/s]
Ep1:  28%|██▊       | 16/58 [00:05<00:06,  6.07it/s]
Ep1:  29%|██▉       | 17/58 [00:05<00:06,  6.21it/s]
Ep1:  31%|███       | 18/58 [00:05<00:06,  6.32it/s]
Ep1:  33%|███▎      | 19/58 [00:05<00:06,  6.29it/s]
Ep1:  34%|███▍      | 20/58 [00:05<00:06,  6.29it/s]
Ep1:  36%|███▌      | 21/58 [00:05<00:05,  6.25it/s]
Ep1:  38%|███▊      | 22/58 [00:06<00:05,  6.29it/s]
Ep1:  40%|███▉      | 23/58 [00:06<00:05,  6.34it/s]
Ep1:  41%|████▏     | 24/58 [00:06<00:05,  6.29it/s]
Ep1:  43%|████▎     | 25/58 [00:06<00:05,  6.35it/s]
Ep1:  45%|████▍     | 26/58 [00:06<00:04,  6.44it/s]
Ep1:  47%|████▋     | 27/58 [00:06<00:04,  6.36it/s]
Ep1:  48%|████▊     | 28/58 [00:07<00:04,  6.11it/s]
Ep1:  50%|█████     | 29/58 [00:07<00:04,  6.12it/s]
Ep1:  52%|█████▏    | 30/58 [00:07<00:04,  6.17it/s]
Ep1:  53%|█████▎    | 31/58 [00:07<00:04,  6.21it/s]
Ep1:  55%|█████▌    | 32/58 [00:07<00:04,  6.27it/s]
Ep1:  57%|█████▋    | 33/58 [00:07<00:03,  6.32it/s]
Ep1:  59%|█████▊    | 34/58 [00:07<00:03,  6.33it/s]
Ep1:  60%|██████    | 35/58 [00:08<00:03,  6.34it/s]
Ep1:  62%|██████▏   | 36/58 [00:08<00:03,  6.29it/s]
Ep1:  64%|██████▍   | 37/58 [00:08<00:03,  6.27it/s]
Ep1:  66%|██████▌   | 38/58 [00:08<00:03,  6.31it/s]
Ep1:  67%|██████▋   | 39/58 [00:08<00:03,  6.27it/s]
Ep1:  69%|██████▉   | 40/58 [00:08<00:02,  6.33it/s]
Ep1:  71%|███████   | 41/58 [00:09<00:02,  6.42it/s]
Ep1:  72%|███████▏  | 42/58 [00:09<00:02,  6.40it/s]
Ep1:  74%|███████▍  | 43/58 [00:09<00:02,  6.43it/s]
Ep1:  76%|███████▌  | 44/58 [00:09<00:02,  6.35it/s]
Ep1:  78%|███████▊  | 45/58 [00:09<00:02,  6.34it/s]
Ep1:  79%|███████▉  | 46/58 [00:09<00:01,  6.34it/s]
Ep1:  81%|████████  | 47/58 [00:10<00:01,  6.35it/s]
Ep1:  83%|████████▎ | 48/58 [00:10<00:01,  6.44it/s]
Ep1:  84%|████████▍ | 49/58 [00:10<00:01,  6.46it/s]
Ep1:  86%|████████▌ | 50/58 [00:10<00:01,  6.42it/s]
Ep1:  88%|████████▊ | 51/58 [00:10<00:01,  6.41it/s]
Ep1:  90%|████████▉ | 52/58 [00:10<00:00,  6.39it/s]
Ep1:  91%|█████████▏| 53/58 [00:10<00:00,  6.41it/s]
Ep1:  93%|█████████▎| 54/58 [00:11<00:00,  6.34it/s]
Ep1:  95%|█████████▍| 55/58 [00:11<00:00,  6.41it/s]
Ep1:  97%|█████████▋| 56/58 [00:11<00:00,  6.54it/s]
Ep1:  98%|█████████▊| 57/58 [00:11<00:00,  6.51it/s]
Ep1: 100%|██████████| 58/58 [00:11<00:00,  6.53it/s]
                                                    

Ep2:   0%|          | 0/58 [00:00<?, ?it/s]
Ep2:   2%|▏         | 1/58 [00:00<00:50,  1.12it/s]
Ep2:   3%|▎         | 2/58 [00:01<00:25,  2.16it/s]
Ep2:   5%|▌         | 3/58 [00:01<00:17,  3.06it/s]
Ep2:   7%|▋         | 4/58 [00:01<00:14,  3.81it/s]
Ep2:   9%|▊         | 5/58 [00:01<00:11,  4.49it/s]
Ep2:  10%|█         | 6/58 [00:01<00:10,  5.03it/s]
Ep2:  12%|█▏        | 7/58 [00:01<00:09,  5.31it/s]
Ep2:  14%|█▍        | 8/58 [00:02<00:08,  5.58it/s]
Ep2:  16%|█▌        | 9/58 [00:02<00:08,  5.80it/s]
Ep2:  17%|█▋        | 10/58 [00:02<00:08,  5.97it/s]
Ep2:  19%|█▉        | 11/58 [00:02<00:07,  6.00it/s]
Ep2:  21%|██        | 12/58 [00:02<00:07,  6.15it/s]
Ep2:  22%|██▏       | 13/58 [00:02<00:07,  6.21it/s]
Ep2:  24%|██▍       | 14/58 [00:02<00:07,  6.23it/s]
Ep2:  26%|██▌       | 15/58 [00:03<00:06,  6.30it/s]
Ep2:  28%|██▊       | 16/58 [00:03<00:06,  6.30it/s]
Ep2:  29%|██▉       | 17/58 [00:03<00:06,  6.32it/s]
Ep2:  31%|███       | 18/58 [00:03<00:06,  6.35it/s]
Ep2:  33%|███▎      | 19/58 [00:03<00:06,  6.32it/s]
Ep2:  34%|███▍      | 20/58 [00:03<00:05,  6.42it/s]
Ep2:  36%|███▌      | 21/58 [00:04<00:05,  6.43it/s]
Ep2:  38%|███▊      | 22/58 [00:04<00:05,  6.37it/s]
Ep2:  40%|███▉      | 23/58 [00:04<00:05,  6.37it/s]
Ep2:  41%|████▏     | 24/58 [00:04<00:05,  6.31it/s]
Ep2:  43%|████▎     | 25/58 [00:04<00:05,  6.32it/s]
Ep2:  45%|████▍     | 26/58 [00:04<00:05,  6.26it/s]
Ep2:  47%|████▋     | 27/58 [00:05<00:04,  6.35it/s]
Ep2:  48%|████▊     | 28/58 [00:05<00:04,  6.34it/s]
Ep2:  50%|█████     | 29/58 [00:05<00:04,  6.27it/s]
Ep2:  52%|█████▏    | 30/58 [00:05<00:04,  6.23it/s]
Ep2:  53%|█████▎    | 31/58 [00:05<00:04,  6.19it/s]
Ep2:  55%|█████▌    | 32/58 [00:05<00:04,  6.21it/s]
Ep2:  57%|█████▋    | 33/58 [00:05<00:04,  6.24it/s]
Ep2:  59%|█████▊    | 34/58 [00:06<00:03,  6.25it/s]
Ep2:  60%|██████    | 35/58 [00:06<00:03,  6.33it/s]
Ep2:  62%|██████▏   | 36/58 [00:06<00:03,  6.35it/s]
Ep2:  64%|██████▍   | 37/58 [00:06<00:03,  6.31it/s]
Ep2:  66%|██████▌   | 38/58 [00:06<00:03,  6.27it/s]
Ep2:  67%|██████▋   | 39/58 [00:06<00:03,  6.25it/s]
Ep2:  69%|██████▉   | 40/58 [00:07<00:02,  6.25it/s]
Ep2:  71%|███████   | 41/58 [00:07<00:02,  6.20it/s]
Ep2:  72%|███████▏  | 42/58 [00:07<00:02,  6.34it/s]
Ep2:  74%|███████▍  | 43/58 [00:07<00:02,  6.43it/s]
Ep2:  76%|███████▌  | 44/58 [00:07<00:02,  6.42it/s]
Ep2:  78%|███████▊  | 45/58 [00:07<00:02,  6.42it/s]
Ep2:  79%|███████▉  | 46/58 [00:08<00:01,  6.37it/s]
Ep2:  81%|████████  | 47/58 [00:08<00:01,  6.39it/s]
Ep2:  83%|████████▎ | 48/58 [00:08<00:01,  6.34it/s]
Ep2:  84%|████████▍ | 49/58 [00:08<00:01,  6.41it/s]
Ep2:  86%|████████▌ | 50/58 [00:08<00:01,  6.42it/s]
Ep2:  88%|████████▊ | 51/58 [00:08<00:01,  6.36it/s]
Ep2:  90%|████████▉ | 52/58 [00:08<00:00,  6.40it/s]
Ep2:  91%|█████████▏| 53/58 [00:09<00:00,  6.36it/s]
Ep2:  93%|█████████▎| 54/58 [00:09<00:00,  6.36it/s]
Ep2:  95%|█████████▍| 55/58 [00:09<00:00,  6.36it/s]
Ep2:  97%|█████████▋| 56/58 [00:09<00:00,  6.32it/s]
Ep2:  98%|█████████▊| 57/58 [00:09<00:00,  6.39it/s]
Ep2: 100%|██████████| 58/58 [00:09<00:00,  6.51it/s]
                                                    

Ep3:   0%|          | 0/58 [00:00<?, ?it/s]
Ep3:   2%|▏         | 1/58 [00:00<00:49,  1.16it/s]
Ep3:   3%|▎         | 2/58 [00:01<00:25,  2.22it/s]
Ep3:   5%|▌         | 3/58 [00:01<00:17,  3.16it/s]
Ep3:   7%|▋         | 4/58 [00:01<00:13,  3.91it/s]
Ep3:   9%|▊         | 5/58 [00:01<00:11,  4.53it/s]
Ep3:  10%|█         | 6/58 [00:01<00:10,  5.02it/s]
Ep3:  12%|█▏        | 7/58 [00:01<00:09,  5.39it/s]
Ep3:  14%|█▍        | 8/58 [00:01<00:08,  5.74it/s]
Ep3:  16%|█▌        | 9/58 [00:02<00:08,  5.99it/s]
Ep3:  17%|█▋        | 10/58 [00:02<00:07,  6.10it/s]
Ep3:  19%|█▉        | 11/58 [00:02<00:07,  6.19it/s]
Ep3:  21%|██        | 12/58 [00:02<00:07,  6.23it/s]
Ep3:  22%|██▏       | 13/58 [00:02<00:07,  6.29it/s]
Ep3:  24%|██▍       | 14/58 [00:02<00:06,  6.29it/s]
Ep3:  26%|██▌       | 15/58 [00:03<00:06,  6.42it/s]
Ep3:  28%|██▊       | 16/58 [00:03<00:06,  6.51it/s]
Ep3:  29%|██▉       | 17/58 [00:03<00:06,  6.44it/s]
Ep3:  31%|███       | 18/58 [00:03<00:06,  6.42it/s]
Ep3:  33%|███▎      | 19/58 [00:03<00:06,  6.37it/s]
Ep3:  34%|███▍      | 20/58 [00:03<00:05,  6.38it/s]
Ep3:  36%|███▌      | 21/58 [00:03<00:05,  6.40it/s]
Ep3:  38%|███▊      | 22/58 [00:04<00:05,  6.33it/s]
Ep3:  40%|███▉      | 23/58 [00:04<00:05,  6.42it/s]
Ep3:  41%|████▏     | 24/58 [00:04<00:05,  6.53it/s]
Ep3:  43%|████▎     | 25/58 [00:04<00:05,  6.47it/s]
Ep3:  45%|████▍     | 26/58 [00:04<00:04,  6.45it/s]
Ep3:  47%|████▋     | 27/58 [00:04<00:04,  6.39it/s]
Ep3:  48%|████▊     | 28/58 [00:05<00:04,  6.43it/s]
Ep3:  50%|█████     | 29/58 [00:05<00:04,  6.42it/s]
Ep3:  52%|█████▏    | 30/58 [00:05<00:04,  6.39it/s]
Ep3:  53%|█████▎    | 31/58 [00:05<00:04,  6.46it/s]
Ep3:  55%|█████▌    | 32/58 [00:05<00:04,  6.49it/s]
Ep3:  57%|█████▋    | 33/58 [00:05<00:03,  6.46it/s]
Ep3:  59%|█████▊    | 34/58 [00:06<00:03,  6.42it/s]
Ep3:  60%|██████    | 35/58 [00:06<00:03,  6.38it/s]
Ep3:  62%|██████▏   | 36/58 [00:06<00:03,  6.43it/s]
Ep3:  64%|██████▍   | 37/58 [00:06<00:03,  6.37it/s]
Ep3:  66%|██████▌   | 38/58 [00:06<00:03,  6.42it/s]
Ep3:  67%|██████▋   | 39/58 [00:06<00:02,  6.51it/s]
Ep3:  69%|██████▉   | 40/58 [00:06<00:02,  6.45it/s]
Ep3:  71%|███████   | 41/58 [00:07<00:02,  6.44it/s]
Ep3:  72%|███████▏  | 42/58 [00:07<00:02,  6.41it/s]
Ep3:  74%|███████▍  | 43/58 [00:07<00:02,  6.42it/s]
Ep3:  76%|███████▌  | 44/58 [00:07<00:02,  6.38it/s]
Ep3:  78%|███████▊  | 45/58 [00:07<00:02,  6.32it/s]
Ep3:  79%|███████▉  | 46/58 [00:07<00:01,  6.41it/s]
Ep3:  81%|████████  | 47/58 [00:08<00:01,  6.39it/s]
Ep3:  83%|████████▎ | 48/58 [00:08<00:01,  6.38it/s]
Ep3:  84%|████████▍ | 49/58 [00:08<00:01,  6.44it/s]
Ep3:  86%|████████▌ | 50/58 [00:08<00:01,  6.51it/s]
Ep3:  88%|████████▊ | 51/58 [00:08<00:01,  6.47it/s]
Ep3:  90%|████████▉ | 52/58 [00:08<00:00,  6.45it/s]
Ep3:  91%|█████████▏| 53/58 [00:08<00:00,  6.40it/s]
Ep3:  93%|█████████▎| 54/58 [00:09<00:00,  6.39it/s]
Ep3:  95%|█████████▍| 55/58 [00:09<00:00,  6.41it/s]
Ep3:  97%|█████████▋| 56/58 [00:09<00:00,  6.39it/s]
Ep3:  98%|█████████▊| 57/58 [00:09<00:00,  6.53it/s]
Ep3: 100%|██████████| 58/58 [00:09<00:00,  6.59it/s]
                                                    

Ep4:   0%|          | 0/58 [00:00<?, ?it/s]
Ep4:   2%|▏         | 1/58 [00:00<00:50,  1.13it/s]
Ep4:   3%|▎         | 2/58 [00:01<00:25,  2.17it/s]
Ep4:   5%|▌         | 3/58 [00:01<00:17,  3.10it/s]
Ep4:   7%|▋         | 4/58 [00:01<00:13,  3.88it/s]
Ep4:   9%|▊         | 5/58 [00:01<00:11,  4.50it/s]
Ep4:  10%|█         | 6/58 [00:01<00:10,  4.99it/s]
Ep4:  12%|█▏        | 7/58 [00:01<00:09,  5.36it/s]
Ep4:  14%|█▍        | 8/58 [00:02<00:08,  5.62it/s]
Ep4:  16%|█▌        | 9/58 [00:02<00:08,  5.84it/s]
Ep4:  17%|█▋        | 10/58 [00:02<00:08,  5.94it/s]
Ep4:  19%|█▉        | 11/58 [00:02<00:07,  6.12it/s]
Ep4:  21%|██        | 12/58 [00:02<00:07,  6.20it/s]
Ep4:  22%|██▏       | 13/58 [00:02<00:07,  6.21it/s]
Ep4:  24%|██▍       | 14/58 [00:02<00:07,  6.21it/s]
Ep4:  26%|██▌       | 15/58 [00:03<00:06,  6.24it/s]
Ep4:  28%|██▊       | 16/58 [00:03<00:06,  6.22it/s]
Ep4:  29%|██▉       | 17/58 [00:03<00:06,  6.44it/s]
Ep4:  31%|███       | 18/58 [00:03<00:05,  6.91it/s]
Ep4:  33%|███▎      | 19/58 [00:03<00:05,  7.53it/s]
Ep4:  36%|███▌      | 21/58 [00:03<00:04,  8.51it/s]
Ep4:  38%|███▊      | 22/58 [00:03<00:04,  8.82it/s]
Ep4:  41%|████▏     | 24/58 [00:04<00:03,  9.33it/s]
Ep4:  45%|████▍     | 26/58 [00:04<00:03,  9.59it/s]
Ep4:  48%|████▊     | 28/58 [00:04<00:03,  9.77it/s]
Ep4:  52%|█████▏    | 30/58 [00:04<00:02,  9.92it/s]
Ep4:  53%|█████▎    | 31/58 [00:04<00:02,  9.30it/s]
Ep4:  55%|█████▌    | 32/58 [00:04<00:02,  9.42it/s]
Ep4:  57%|█████▋    | 33/58 [00:05<00:02,  9.03it/s]
Ep4:  59%|█████▊    | 34/58 [00:05<00:02,  9.25it/s]
Ep4:  60%|██████    | 35/58 [00:05<00:02,  8.54it/s]
Ep4:  64%|██████▍   | 37/58 [00:05<00:02,  8.30it/s]
Ep4:  67%|██████▋   | 39/58 [00:05<00:02,  8.37it/s]
Ep4:  71%|███████   | 41/58 [00:06<00:02,  8.21it/s]
Ep4:  74%|███████▍  | 43/58 [00:06<00:01,  8.16it/s]
Ep4:  78%|███████▊  | 45/58 [00:06<00:01,  8.31it/s]
Ep4:  81%|████████  | 47/58 [00:06<00:01,  8.20it/s]
Ep4:  84%|████████▍ | 49/58 [00:07<00:01,  8.31it/s]
Ep4:  88%|████████▊ | 51/58 [00:07<00:00,  8.29it/s]
Ep4:  91%|█████████▏| 53/58 [00:07<00:00,  8.44it/s]
Ep4:  95%|█████████▍| 55/58 [00:07<00:00,  8.24it/s]
Ep4:  98%|█████████▊| 57/58 [00:07<00:00,  8.47it/s]
                                                    
/data2/home/vcivale/projects/imaging/EAF/scripts/finetune_pruned.py:243: FutureWarning: You are using `torch.load` with `weights_only=False` (the current default value), which uses the default pickle module implicitly. It is possible to construct malicious pickle data which will execute arbitrary code during unpickling (See https://github.com/pytorch/pytorch/blob/main/SECURITY.md#untrusted-models for more details). In a future release, the default value for `weights_only` will be flipped to `True`. This limits the functions that could be executed during unpickling. Arbitrary objects will no longer be allowed to be loaded via this mode unless they are explicitly allowlisted by the user via `torch.serialization.add_safe_globals`. We recommend you start setting `weights_only=True` for any use case where you don't have full control of the loaded file. Please open an issue on GitHub for any issues related to this experimental feature.
  model.load_state_dict(torch.load(output_dir / ckpt_name, map_location=device))
Device: cuda | Model: uni | Dataset: break_his
embed_dim=1024  n_blocks=24  n_patches=196  prefix=1
Classes (4): ['fibroadenoma', 'tubular_adenoma', 'ductal_carcinoma', 'mucinous_carcinoma']
Forecaster loaded: checkpoints/break_his/uni_forecaster/forecaster_uni_break_his_phase2_src02_tgt23.pt
Warm-started LoRA adapters + head from Phase 1: checkpoints/break_his/uni_lora_phase1/best_uni_break_his_phase1.pt

Pre fine-tuning val: acc=0.770  f1=0.655
Ep 01 | loss=0.4129  gnorm=2.592  f1_val=0.6368  best=0.6368
Ep 02 | loss=0.3754  gnorm=1.575  f1_val=0.6059  best=0.6368
Ep 03 | loss=0.3668  gnorm=1.307  f1_val=0.6360  best=0.6368
Early stopping: no improvement for 3 epochs

-- Test --  acc=0.705  f1=0.623  TAR@FAR=0.326
Results saved to: checkpoints/break_his/uni_pruned/results_uni_break_his_prune2_keep20.json
