/data2/home/vcivale/miniconda3/envs/eaf_env/lib/python3.11/site-packages/outdated/__init__.py:36: UserWarning: pkg_resources is deprecated as an API. See https://setuptools.pypa.io/en/latest/pkg_resources.html. The pkg_resources package is slated for removal as early as 2025-11-30. Refrain from using this package or pin to Setuptools<81.
  from pkg_resources import parse_version

Ep1:   0%|          | 0/58 [00:00<?, ?it/s]
Ep1:   2%|▏         | 1/58 [00:01<01:48,  1.91s/it]
Ep1:   3%|▎         | 2/58 [00:02<00:49,  1.13it/s]
Ep1:   5%|▌         | 3/58 [00:02<00:31,  1.73it/s]
Ep1:   7%|▋         | 4/58 [00:02<00:22,  2.38it/s]
Ep1:   9%|▊         | 5/58 [00:02<00:17,  2.97it/s]
Ep1:  10%|█         | 6/58 [00:02<00:14,  3.53it/s]
Ep1:  12%|█▏        | 7/58 [00:03<00:13,  3.85it/s]
Ep1:  14%|█▍        | 8/58 [00:03<00:11,  4.22it/s]
Ep1:  16%|█▌        | 9/58 [00:03<00:10,  4.55it/s]
Ep1:  17%|█▋        | 10/58 [00:03<00:10,  4.78it/s]
Ep1:  19%|█▉        | 11/58 [00:03<00:09,  4.80it/s]
Ep1:  21%|██        | 12/58 [00:04<00:09,  4.92it/s]
Ep1:  22%|██▏       | 13/58 [00:04<00:08,  5.40it/s]
Ep1:  24%|██▍       | 14/58 [00:04<00:07,  6.27it/s]
Ep1:  28%|██▊       | 16/58 [00:04<00:05,  7.63it/s]
Ep1:  29%|██▉       | 17/58 [00:04<00:05,  8.10it/s]
Ep1:  31%|███       | 18/58 [00:04<00:04,  8.27it/s]
Ep1:  33%|███▎      | 19/58 [00:04<00:04,  8.65it/s]
Ep1:  36%|███▌      | 21/58 [00:04<00:03,  9.32it/s]
Ep1:  38%|███▊      | 22/58 [00:05<00:04,  8.38it/s]
Ep1:  40%|███▉      | 23/58 [00:05<00:04,  7.70it/s]
Ep1:  41%|████▏     | 24/58 [00:05<00:04,  7.67it/s]
Ep1:  43%|████▎     | 25/58 [00:05<00:04,  7.49it/s]
Ep1:  45%|████▍     | 26/58 [00:05<00:04,  7.42it/s]
Ep1:  47%|████▋     | 27/58 [00:05<00:03,  7.80it/s]
Ep1:  50%|█████     | 29/58 [00:05<00:03,  8.71it/s]
Ep1:  52%|█████▏    | 30/58 [00:06<00:03,  8.98it/s]
Ep1:  55%|█████▌    | 32/58 [00:06<00:02,  9.49it/s]
Ep1:  59%|█████▊    | 34/58 [00:06<00:02,  9.76it/s]
Ep1:  60%|██████    | 35/58 [00:06<00:02,  9.05it/s]
Ep1:  62%|██████▏   | 36/58 [00:06<00:02,  7.46it/s]
Ep1:  64%|██████▍   | 37/58 [00:07<00:03,  6.96it/s]
Ep1:  66%|██████▌   | 38/58 [00:07<00:03,  6.56it/s]
Ep1:  67%|██████▋   | 39/58 [00:07<00:03,  5.92it/s]
Ep1:  69%|██████▉   | 40/58 [00:07<00:03,  5.73it/s]
Ep1:  71%|███████   | 41/58 [00:07<00:02,  5.82it/s]
Ep1:  72%|███████▏  | 42/58 [00:07<00:02,  5.71it/s]
Ep1:  74%|███████▍  | 43/58 [00:08<00:02,  5.95it/s]
Ep1:  76%|███████▌  | 44/58 [00:08<00:02,  5.56it/s]
Ep1:  78%|███████▊  | 45/58 [00:08<00:02,  5.28it/s]
Ep1:  79%|███████▉  | 46/58 [00:08<00:02,  5.26it/s]
Ep1:  81%|████████  | 47/58 [00:08<00:02,  5.34it/s]
Ep1:  83%|████████▎ | 48/58 [00:09<00:01,  5.23it/s]
Ep1:  84%|████████▍ | 49/58 [00:09<00:01,  5.29it/s]
Ep1:  86%|████████▌ | 50/58 [00:09<00:01,  5.35it/s]
Ep1:  88%|████████▊ | 51/58 [00:09<00:01,  5.47it/s]
Ep1:  90%|████████▉ | 52/58 [00:09<00:01,  5.45it/s]
Ep1:  91%|█████████▏| 53/58 [00:09<00:00,  5.42it/s]
Ep1:  93%|█████████▎| 54/58 [00:10<00:00,  5.47it/s]
Ep1:  95%|█████████▍| 55/58 [00:10<00:00,  5.43it/s]
Ep1:  97%|█████████▋| 56/58 [00:10<00:00,  5.61it/s]
Ep1:  98%|█████████▊| 57/58 [00:10<00:00,  5.54it/s]
Ep1: 100%|██████████| 58/58 [00:10<00:00,  5.54it/s]
                                                    

Ep2:   0%|          | 0/58 [00:00<?, ?it/s]
Ep2:   2%|▏         | 1/58 [00:00<00:44,  1.29it/s]
Ep2:   5%|▌         | 3/58 [00:00<00:15,  3.53it/s]
Ep2:   7%|▋         | 4/58 [00:01<00:12,  4.18it/s]
Ep2:   9%|▊         | 5/58 [00:01<00:10,  4.83it/s]
Ep2:  10%|█         | 6/58 [00:01<00:09,  5.47it/s]
Ep2:  12%|█▏        | 7/58 [00:01<00:08,  6.21it/s]
Ep2:  16%|█▌        | 9/58 [00:01<00:06,  7.77it/s]
Ep2:  19%|█▉        | 11/58 [00:01<00:05,  8.70it/s]
Ep2:  22%|██▏       | 13/58 [00:02<00:05,  8.68it/s]
Ep2:  24%|██▍       | 14/58 [00:02<00:05,  8.10it/s]
Ep2:  26%|██▌       | 15/58 [00:02<00:05,  7.45it/s]
Ep2:  28%|██▊       | 16/58 [00:02<00:06,  6.86it/s]
Ep2:  29%|██▉       | 17/58 [00:02<00:06,  6.30it/s]
Ep2:  31%|███       | 18/58 [00:03<00:06,  6.04it/s]
Ep2:  33%|███▎      | 19/58 [00:03<00:06,  5.83it/s]
Ep2:  34%|███▍      | 20/58 [00:03<00:06,  5.61it/s]
Ep2:  36%|███▌      | 21/58 [00:03<00:06,  5.69it/s]
Ep2:  38%|███▊      | 22/58 [00:03<00:06,  5.36it/s]
Ep2:  40%|███▉      | 23/58 [00:03<00:06,  5.50it/s]
Ep2:  41%|████▏     | 24/58 [00:04<00:06,  5.27it/s]
Ep2:  43%|████▎     | 25/58 [00:04<00:06,  5.27it/s]
Ep2:  45%|████▍     | 26/58 [00:04<00:05,  5.41it/s]
Ep2:  47%|████▋     | 27/58 [00:04<00:05,  5.41it/s]
Ep2:  48%|████▊     | 28/58 [00:04<00:05,  5.52it/s]
Ep2:  50%|█████     | 29/58 [00:05<00:05,  5.45it/s]
Ep2:  52%|█████▏    | 30/58 [00:05<00:05,  5.43it/s]
Ep2:  53%|█████▎    | 31/58 [00:05<00:04,  5.63it/s]
Ep2:  55%|█████▌    | 32/58 [00:05<00:04,  5.31it/s]
Ep2:  57%|█████▋    | 33/58 [00:05<00:04,  5.23it/s]
Ep2:  59%|█████▊    | 34/58 [00:06<00:04,  5.30it/s]
Ep2:  60%|██████    | 35/58 [00:06<00:04,  5.48it/s]
Ep2:  62%|██████▏   | 36/58 [00:06<00:04,  5.42it/s]
Ep2:  64%|██████▍   | 37/58 [00:06<00:03,  5.53it/s]
Ep2:  66%|██████▌   | 38/58 [00:06<00:03,  5.26it/s]
Ep2:  67%|██████▋   | 39/58 [00:06<00:03,  5.21it/s]
Ep2:  69%|██████▉   | 40/58 [00:07<00:03,  5.29it/s]
Ep2:  71%|███████   | 41/58 [00:07<00:03,  5.23it/s]
Ep2:  72%|███████▏  | 42/58 [00:07<00:03,  5.31it/s]
Ep2:  74%|███████▍  | 43/58 [00:07<00:02,  5.15it/s]
Ep2:  76%|███████▌  | 44/58 [00:07<00:02,  5.18it/s]
Ep2:  78%|███████▊  | 45/58 [00:08<00:02,  5.28it/s]
Ep2:  79%|███████▉  | 46/58 [00:08<00:02,  5.12it/s]
Ep2:  81%|████████  | 47/58 [00:08<00:02,  4.98it/s]
Ep2:  83%|████████▎ | 48/58 [00:08<00:01,  5.25it/s]
Ep2:  84%|████████▍ | 49/58 [00:08<00:01,  5.29it/s]
Ep2:  86%|████████▌ | 50/58 [00:09<00:01,  5.34it/s]
Ep2:  88%|████████▊ | 51/58 [00:09<00:01,  5.34it/s]
Ep2:  90%|████████▉ | 52/58 [00:09<00:01,  5.16it/s]
Ep2:  91%|█████████▏| 53/58 [00:09<00:00,  5.12it/s]
Ep2:  93%|█████████▎| 54/58 [00:09<00:00,  5.19it/s]
Ep2:  95%|█████████▍| 55/58 [00:10<00:00,  5.38it/s]
Ep2:  97%|█████████▋| 56/58 [00:10<00:00,  5.61it/s]
Ep2:  98%|█████████▊| 57/58 [00:10<00:00,  5.52it/s]
Ep2: 100%|██████████| 58/58 [00:10<00:00,  5.29it/s]
                                                    

Ep3:   0%|          | 0/58 [00:00<?, ?it/s]
Ep3:   2%|▏         | 1/58 [00:00<00:48,  1.17it/s]
Ep3:   3%|▎         | 2/58 [00:01<00:26,  2.09it/s]
Ep3:   5%|▌         | 3/58 [00:01<00:18,  2.98it/s]
Ep3:   7%|▋         | 4/58 [00:01<00:15,  3.60it/s]
Ep3:   9%|▊         | 5/58 [00:01<00:13,  3.93it/s]
Ep3:  10%|█         | 6/58 [00:01<00:12,  4.28it/s]
Ep3:  12%|█▏        | 7/58 [00:01<00:10,  4.71it/s]
Ep3:  14%|█▍        | 8/58 [00:02<00:10,  5.00it/s]
Ep3:  16%|█▌        | 9/58 [00:02<00:09,  5.37it/s]
Ep3:  17%|█▋        | 10/58 [00:02<00:08,  5.45it/s]
Ep3:  19%|█▉        | 11/58 [00:02<00:08,  5.35it/s]
Ep3:  21%|██        | 12/58 [00:02<00:08,  5.17it/s]
Ep3:  22%|██▏       | 13/58 [00:03<00:08,  5.17it/s]
Ep3:  24%|██▍       | 14/58 [00:03<00:08,  5.18it/s]
Ep3:  26%|██▌       | 15/58 [00:03<00:08,  5.34it/s]
Ep3:  28%|██▊       | 16/58 [00:03<00:07,  5.39it/s]
Ep3:  29%|██▉       | 17/58 [00:03<00:07,  5.21it/s]
Ep3:  31%|███       | 18/58 [00:04<00:07,  5.20it/s]
Ep3:  33%|███▎      | 19/58 [00:04<00:07,  5.34it/s]
Ep3:  34%|███▍      | 20/58 [00:04<00:07,  5.22it/s]
Ep3:  36%|███▌      | 21/58 [00:04<00:06,  5.30it/s]
Ep3:  38%|███▊      | 22/58 [00:04<00:06,  5.25it/s]
Ep3:  40%|███▉      | 23/58 [00:05<00:06,  5.11it/s]
Ep3:  41%|████▏     | 24/58 [00:05<00:06,  5.26it/s]
Ep3:  43%|████▎     | 25/58 [00:05<00:05,  5.53it/s]
Ep3:  45%|████▍     | 26/58 [00:05<00:06,  5.30it/s]
Ep3:  47%|████▋     | 27/58 [00:05<00:05,  5.39it/s]
Ep3:  48%|████▊     | 28/58 [00:05<00:05,  5.20it/s]
Ep3:  50%|█████     | 29/58 [00:06<00:05,  5.27it/s]
Ep3:  52%|█████▏    | 30/58 [00:06<00:05,  5.26it/s]
Ep3:  53%|█████▎    | 31/58 [00:06<00:04,  5.41it/s]
Ep3:  55%|█████▌    | 32/58 [00:06<00:04,  5.46it/s]
Ep3:  57%|█████▋    | 33/58 [00:06<00:04,  5.26it/s]
Ep3:  59%|█████▊    | 34/58 [00:07<00:04,  5.29it/s]
Ep3:  60%|██████    | 35/58 [00:07<00:04,  5.16it/s]
Ep3:  62%|██████▏   | 36/58 [00:07<00:04,  5.15it/s]
Ep3:  64%|██████▍   | 37/58 [00:07<00:04,  5.20it/s]
Ep3:  66%|██████▌   | 38/58 [00:07<00:03,  5.21it/s]
Ep3:  69%|██████▉   | 40/58 [00:08<00:02,  6.82it/s]
Ep3:  72%|███████▏  | 42/58 [00:08<00:02,  7.92it/s]
Ep3:  76%|███████▌  | 44/58 [00:08<00:01,  8.70it/s]
Ep3:  78%|███████▊  | 45/58 [00:08<00:01,  8.18it/s]
Ep3:  79%|███████▉  | 46/58 [00:08<00:01,  8.40it/s]
Ep3:  81%|████████  | 47/58 [00:08<00:01,  8.22it/s]
Ep3:  83%|████████▎ | 48/58 [00:08<00:01,  7.90it/s]
Ep3:  84%|████████▍ | 49/58 [00:09<00:01,  7.68it/s]
Ep3:  86%|████████▌ | 50/58 [00:09<00:01,  7.67it/s]
Ep3:  88%|████████▊ | 51/58 [00:09<00:00,  7.60it/s]
Ep3:  91%|█████████▏| 53/58 [00:09<00:00,  8.70it/s]
Ep3:  95%|█████████▍| 55/58 [00:09<00:00,  9.32it/s]
Ep3:  98%|█████████▊| 57/58 [00:09<00:00,  9.79it/s]
                                                    

Ep4:   0%|          | 0/58 [00:00<?, ?it/s]
Ep4:   2%|▏         | 1/58 [00:00<00:46,  1.23it/s]
Ep4:   3%|▎         | 2/58 [00:00<00:24,  2.28it/s]
Ep4:   5%|▌         | 3/58 [00:01<00:17,  3.10it/s]
Ep4:   7%|▋         | 4/58 [00:01<00:14,  3.82it/s]
Ep4:   9%|▊         | 5/58 [00:01<00:12,  4.25it/s]
Ep4:  10%|█         | 6/58 [00:01<00:11,  4.64it/s]
Ep4:  12%|█▏        | 7/58 [00:01<00:10,  4.97it/s]
Ep4:  14%|█▍        | 8/58 [00:02<00:10,  4.91it/s]
Ep4:  16%|█▌        | 9/58 [00:02<00:10,  4.84it/s]
Ep4:  17%|█▋        | 10/58 [00:02<00:09,  4.89it/s]
Ep4:  19%|█▉        | 11/58 [00:02<00:08,  5.46it/s]
Ep4:  22%|██▏       | 13/58 [00:02<00:06,  7.06it/s]
Ep4:  26%|██▌       | 15/58 [00:03<00:05,  8.12it/s]
Ep4:  29%|██▉       | 17/58 [00:03<00:04,  8.87it/s]
Ep4:  31%|███       | 18/58 [00:03<00:04,  8.89it/s]
Ep4:  34%|███▍      | 20/58 [00:03<00:04,  9.37it/s]
Ep4:  36%|███▌      | 21/58 [00:03<00:04,  8.41it/s]
Ep4:  38%|███▊      | 22/58 [00:03<00:04,  8.25it/s]
Ep4:  40%|███▉      | 23/58 [00:03<00:04,  7.80it/s]
Ep4:  41%|████▏     | 24/58 [00:04<00:04,  7.46it/s]
Ep4:  43%|████▎     | 25/58 [00:04<00:04,  7.50it/s]
Ep4:  45%|████▍     | 26/58 [00:04<00:03,  8.03it/s]
Ep4:  48%|████▊     | 28/58 [00:04<00:03,  8.85it/s]
Ep4:  52%|█████▏    | 30/58 [00:04<00:02,  9.43it/s]
Ep4:  55%|█████▌    | 32/58 [00:04<00:02,  9.81it/s]
Ep4:  59%|█████▊    | 34/58 [00:05<00:02, 10.03it/s]
Ep4:  62%|██████▏   | 36/58 [00:05<00:02,  9.14it/s]
Ep4:  64%|██████▍   | 37/58 [00:05<00:02,  7.76it/s]
Ep4:  66%|██████▌   | 38/58 [00:05<00:02,  7.17it/s]
Ep4:  67%|██████▋   | 39/58 [00:05<00:02,  6.72it/s]
Ep4:  69%|██████▉   | 40/58 [00:06<00:02,  6.29it/s]
Ep4:  71%|███████   | 41/58 [00:06<00:02,  6.11it/s]
Ep4:  72%|███████▏  | 42/58 [00:06<00:02,  5.86it/s]
Ep4:  74%|███████▍  | 43/58 [00:06<00:02,  5.73it/s]
Ep4:  76%|███████▌  | 44/58 [00:06<00:02,  5.55it/s]
Ep4:  78%|███████▊  | 45/58 [00:07<00:02,  5.54it/s]
Ep4:  79%|███████▉  | 46/58 [00:07<00:02,  5.30it/s]
Ep4:  81%|████████  | 47/58 [00:07<00:02,  5.18it/s]
Ep4:  83%|████████▎ | 48/58 [00:07<00:01,  5.46it/s]
Ep4:  84%|████████▍ | 49/58 [00:07<00:01,  5.46it/s]
Ep4:  86%|████████▌ | 50/58 [00:07<00:01,  5.65it/s]
Ep4:  88%|████████▊ | 51/58 [00:08<00:01,  5.36it/s]
Ep4:  90%|████████▉ | 52/58 [00:08<00:01,  5.14it/s]
Ep4:  91%|█████████▏| 53/58 [00:08<00:00,  5.37it/s]
Ep4:  93%|█████████▎| 54/58 [00:08<00:00,  5.18it/s]
Ep4:  95%|█████████▍| 55/58 [00:08<00:00,  5.31it/s]
Ep4:  97%|█████████▋| 56/58 [00:09<00:00,  5.19it/s]
Ep4:  98%|█████████▊| 57/58 [00:09<00:00,  5.38it/s]
Ep4: 100%|██████████| 58/58 [00:09<00:00,  5.49it/s]
                                                    

Ep5:   0%|          | 0/58 [00:00<?, ?it/s]
Ep5:   2%|▏         | 1/58 [00:00<00:46,  1.23it/s]
Ep5:   3%|▎         | 2/58 [00:01<00:25,  2.19it/s]
Ep5:   5%|▌         | 3/58 [00:01<00:18,  2.97it/s]
Ep5:   9%|▊         | 5/58 [00:01<00:10,  5.01it/s]
Ep5:  12%|█▏        | 7/58 [00:01<00:07,  6.54it/s]
Ep5:  16%|█▌        | 9/58 [00:01<00:06,  7.42it/s]
Ep5:  17%|█▋        | 10/58 [00:01<00:06,  7.83it/s]
Ep5:  19%|█▉        | 11/58 [00:02<00:06,  7.80it/s]
Ep5:  21%|██        | 12/58 [00:02<00:06,  7.43it/s]
Ep5:  22%|██▏       | 13/58 [00:02<00:06,  7.27it/s]
Ep5:  24%|██▍       | 14/58 [00:02<00:06,  7.18it/s]
Ep5:  26%|██▌       | 15/58 [00:02<00:05,  7.74it/s]
Ep5:  29%|██▉       | 17/58 [00:02<00:04,  8.77it/s]
Ep5:  33%|███▎      | 19/58 [00:02<00:04,  9.39it/s]
Ep5:  36%|███▌      | 21/58 [00:03<00:03,  9.78it/s]
Ep5:  38%|███▊      | 22/58 [00:03<00:03,  9.10it/s]
Ep5:  40%|███▉      | 23/58 [00:03<00:04,  8.51it/s]
Ep5:  41%|████▏     | 24/58 [00:03<00:04,  7.84it/s]
Ep5:  43%|████▎     | 25/58 [00:03<00:04,  6.72it/s]
Ep5:  45%|████▍     | 26/58 [00:04<00:05,  6.22it/s]
Ep5:  47%|████▋     | 27/58 [00:04<00:04,  6.24it/s]
Ep5:  48%|████▊     | 28/58 [00:04<00:05,  5.75it/s]
Ep5:  50%|█████     | 29/58 [00:04<00:05,  5.41it/s]
Ep5:  52%|█████▏    | 30/58 [00:04<00:05,  5.43it/s]
Ep5:  53%|█████▎    | 31/58 [00:04<00:04,  5.44it/s]
Ep5:  55%|█████▌    | 32/58 [00:05<00:04,  5.52it/s]
Ep5:  57%|█████▋    | 33/58 [00:05<00:04,  5.44it/s]
Ep5:  59%|█████▊    | 34/58 [00:05<00:04,  5.45it/s]
Ep5:  60%|██████    | 35/58 [00:05<00:04,  5.26it/s]
Ep5:  62%|██████▏   | 36/58 [00:05<00:04,  5.36it/s]
Ep5:  64%|██████▍   | 37/58 [00:06<00:03,  5.34it/s]
Ep5:  66%|██████▌   | 38/58 [00:06<00:03,  5.45it/s]
Ep5:  67%|██████▋   | 39/58 [00:06<00:03,  5.47it/s]
Ep5:  69%|██████▉   | 40/58 [00:06<00:03,  5.35it/s]
Ep5:  71%|███████   | 41/58 [00:06<00:03,  5.41it/s]
Ep5:  72%|███████▏  | 42/58 [00:06<00:02,  5.61it/s]
Ep5:  74%|███████▍  | 43/58 [00:07<00:02,  5.62it/s]
Ep5:  76%|███████▌  | 44/58 [00:07<00:02,  5.31it/s]
Ep5:  78%|███████▊  | 45/58 [00:07<00:02,  5.43it/s]
Ep5:  79%|███████▉  | 46/58 [00:07<00:02,  5.50it/s]
Ep5:  81%|████████  | 47/58 [00:07<00:02,  5.25it/s]
Ep5:  83%|████████▎ | 48/58 [00:08<00:01,  5.18it/s]
Ep5:  84%|████████▍ | 49/58 [00:08<00:01,  5.26it/s]
Ep5:  86%|████████▌ | 50/58 [00:08<00:01,  5.28it/s]
Ep5:  88%|████████▊ | 51/58 [00:08<00:01,  5.24it/s]
Ep5:  90%|████████▉ | 52/58 [00:08<00:01,  5.13it/s]
Ep5:  91%|█████████▏| 53/58 [00:09<00:00,  5.20it/s]
Ep5:  93%|█████████▎| 54/58 [00:09<00:00,  5.33it/s]
Ep5:  95%|█████████▍| 55/58 [00:09<00:00,  5.31it/s]
Ep5:  97%|█████████▋| 56/58 [00:09<00:00,  5.42it/s]
Ep5:  98%|█████████▊| 57/58 [00:09<00:00,  5.22it/s]
Ep5: 100%|██████████| 58/58 [00:10<00:00,  5.27it/s]
                                                    

Ep6:   0%|          | 0/58 [00:00<?, ?it/s]
Ep6:   2%|▏         | 1/58 [00:00<00:47,  1.21it/s]
Ep6:   3%|▎         | 2/58 [00:01<00:25,  2.16it/s]
Ep6:   5%|▌         | 3/58 [00:01<00:18,  2.99it/s]
Ep6:   7%|▋         | 4/58 [00:01<00:14,  3.65it/s]
Ep6:   9%|▊         | 5/58 [00:01<00:12,  4.15it/s]
Ep6:  10%|█         | 6/58 [00:01<00:11,  4.46it/s]
Ep6:  12%|█▏        | 7/58 [00:01<00:10,  4.69it/s]
Ep6:  14%|█▍        | 8/58 [00:02<00:10,  4.80it/s]
Ep6:  16%|█▌        | 9/58 [00:02<00:10,  4.86it/s]
Ep6:  17%|█▋        | 10/58 [00:02<00:09,  4.81it/s]
Ep6:  19%|█▉        | 11/58 [00:02<00:09,  4.99it/s]
Ep6:  21%|██        | 12/58 [00:02<00:09,  4.90it/s]
Ep6:  22%|██▏       | 13/58 [00:03<00:08,  5.19it/s]
Ep6:  24%|██▍       | 14/58 [00:03<00:08,  5.19it/s]
Ep6:  26%|██▌       | 15/58 [00:03<00:08,  5.27it/s]
Ep6:  28%|██▊       | 16/58 [00:03<00:08,  5.13it/s]
Ep6:  29%|██▉       | 17/58 [00:03<00:07,  5.22it/s]
Ep6:  31%|███       | 18/58 [00:04<00:07,  5.34it/s]
Ep6:  33%|███▎      | 19/58 [00:04<00:07,  5.41it/s]
Ep6:  34%|███▍      | 20/58 [00:04<00:06,  5.51it/s]
Ep6:  36%|███▌      | 21/58 [00:04<00:06,  5.35it/s]
Ep6:  38%|███▊      | 22/58 [00:04<00:06,  5.28it/s]
Ep6:  40%|███▉      | 23/58 [00:05<00:06,  5.28it/s]
Ep6:  41%|████▏     | 24/58 [00:05<00:06,  5.47it/s]
Ep6:  43%|████▎     | 25/58 [00:05<00:06,  5.48it/s]
Ep6:  45%|████▍     | 26/58 [00:05<00:05,  5.55it/s]
Ep6:  47%|████▋     | 27/58 [00:05<00:05,  5.59it/s]
Ep6:  48%|████▊     | 28/58 [00:05<00:05,  5.48it/s]
Ep6:  50%|█████     | 29/58 [00:06<00:05,  5.70it/s]
Ep6:  52%|█████▏    | 30/58 [00:06<00:04,  5.72it/s]
Ep6:  53%|█████▎    | 31/58 [00:06<00:04,  5.93it/s]
Ep6:  55%|█████▌    | 32/58 [00:06<00:04,  5.54it/s]
Ep6:  57%|█████▋    | 33/58 [00:06<00:04,  5.26it/s]
Ep6:  59%|█████▊    | 34/58 [00:06<00:04,  5.44it/s]
Ep6:  60%|██████    | 35/58 [00:07<00:04,  5.65it/s]
Ep6:  62%|██████▏   | 36/58 [00:07<00:04,  5.37it/s]
Ep6:  64%|██████▍   | 37/58 [00:07<00:03,  5.34it/s]
Ep6:  66%|██████▌   | 38/58 [00:07<00:03,  5.32it/s]
Ep6:  67%|██████▋   | 39/58 [00:07<00:03,  5.30it/s]
Ep6:  69%|██████▉   | 40/58 [00:08<00:03,  5.36it/s]
Ep6:  71%|███████   | 41/58 [00:08<00:03,  5.28it/s]
Ep6:  72%|███████▏  | 42/58 [00:08<00:03,  5.24it/s]
Ep6:  74%|███████▍  | 43/58 [00:08<00:02,  5.06it/s]
Ep6:  76%|███████▌  | 44/58 [00:08<00:02,  5.13it/s]
Ep6:  78%|███████▊  | 45/58 [00:09<00:02,  5.04it/s]
Ep6:  79%|███████▉  | 46/58 [00:09<00:02,  5.20it/s]
Ep6:  81%|████████  | 47/58 [00:09<00:02,  5.30it/s]
Ep6:  83%|████████▎ | 48/58 [00:09<00:01,  5.10it/s]
Ep6:  84%|████████▍ | 49/58 [00:09<00:01,  5.38it/s]
Ep6:  88%|████████▊ | 51/58 [00:10<00:01,  6.96it/s]
Ep6:  90%|████████▉ | 52/58 [00:10<00:00,  7.36it/s]
Ep6:  91%|█████████▏| 53/58 [00:10<00:00,  7.63it/s]
Ep6:  95%|█████████▍| 55/58 [00:10<00:00,  7.98it/s]
Ep6:  97%|█████████▋| 56/58 [00:10<00:00,  7.64it/s]
Ep6:  98%|█████████▊| 57/58 [00:10<00:00,  7.65it/s]
Ep6: 100%|██████████| 58/58 [00:10<00:00,  7.30it/s]
                                                    

Ep7:   0%|          | 0/58 [00:00<?, ?it/s]
Ep7:   2%|▏         | 1/58 [00:00<00:47,  1.20it/s]
Ep7:   3%|▎         | 2/58 [00:01<00:25,  2.19it/s]
Ep7:   5%|▌         | 3/58 [00:01<00:19,  2.89it/s]
Ep7:   7%|▋         | 4/58 [00:01<00:15,  3.52it/s]
Ep7:   9%|▊         | 5/58 [00:01<00:13,  4.04it/s]
Ep7:  10%|█         | 6/58 [00:01<00:11,  4.38it/s]
Ep7:  12%|█▏        | 7/58 [00:01<00:10,  4.65it/s]
Ep7:  14%|█▍        | 8/58 [00:02<00:10,  4.91it/s]
Ep7:  16%|█▌        | 9/58 [00:02<00:10,  4.84it/s]
Ep7:  17%|█▋        | 10/58 [00:02<00:09,  5.03it/s]
Ep7:  19%|█▉        | 11/58 [00:02<00:09,  5.15it/s]
Ep7:  21%|██        | 12/58 [00:02<00:08,  5.17it/s]
Ep7:  22%|██▏       | 13/58 [00:03<00:08,  5.45it/s]
Ep7:  24%|██▍       | 14/58 [00:03<00:08,  5.23it/s]
Ep7:  26%|██▌       | 15/58 [00:03<00:08,  5.35it/s]
Ep7:  28%|██▊       | 16/58 [00:03<00:08,  5.23it/s]
Ep7:  29%|██▉       | 17/58 [00:03<00:07,  5.45it/s]
Ep7:  33%|███▎      | 19/58 [00:04<00:05,  7.02it/s]
Ep7:  36%|███▌      | 21/58 [00:04<00:04,  8.07it/s]
Ep7:  38%|███▊      | 22/58 [00:04<00:04,  8.41it/s]
Ep7:  41%|████▏     | 24/58 [00:04<00:03,  9.13it/s]
Ep7:  43%|████▎     | 25/58 [00:04<00:03,  8.78it/s]
Ep7:  45%|████▍     | 26/58 [00:04<00:03,  8.28it/s]
Ep7:  47%|████▋     | 27/58 [00:04<00:03,  8.17it/s]
Ep7:  48%|████▊     | 28/58 [00:05<00:03,  8.14it/s]
Ep7:  50%|█████     | 29/58 [00:05<00:03,  7.68it/s]
Ep7:  52%|█████▏    | 30/58 [00:05<00:03,  7.69it/s]
Ep7:  55%|█████▌    | 32/58 [00:05<00:02,  8.76it/s]
Ep7:  59%|█████▊    | 34/58 [00:05<00:02,  9.38it/s]
Ep7:  62%|██████▏   | 36/58 [00:05<00:02,  9.76it/s]
Ep7:  64%|██████▍   | 37/58 [00:06<00:02,  8.65it/s]
Ep7:  66%|██████▌   | 38/58 [00:06<00:02,  7.95it/s]
Ep7:  67%|██████▋   | 39/58 [00:06<00:02,  7.32it/s]
Ep7:  69%|██████▉   | 40/58 [00:06<00:02,  6.73it/s]
Ep7:  71%|███████   | 41/58 [00:06<00:02,  6.43it/s]
Ep7:  72%|███████▏  | 42/58 [00:06<00:02,  6.08it/s]
Ep7:  74%|███████▍  | 43/58 [00:07<00:02,  5.82it/s]
Ep7:  76%|███████▌  | 44/58 [00:07<00:02,  5.89it/s]
Ep7:  78%|███████▊  | 45/58 [00:07<00:02,  5.72it/s]
Ep7:  79%|███████▉  | 46/58 [00:07<00:02,  5.47it/s]
Ep7:  81%|████████  | 47/58 [00:07<00:02,  5.39it/s]
Ep7:  83%|████████▎ | 48/58 [00:08<00:01,  5.33it/s]
Ep7:  84%|████████▍ | 49/58 [00:08<00:01,  5.49it/s]
Ep7:  86%|████████▌ | 50/58 [00:08<00:01,  5.28it/s]
Ep7:  88%|████████▊ | 51/58 [00:08<00:01,  5.22it/s]
Ep7:  90%|████████▉ | 52/58 [00:08<00:01,  5.50it/s]
Ep7:  91%|█████████▏| 53/58 [00:08<00:00,  5.52it/s]
Ep7:  93%|█████████▎| 54/58 [00:09<00:00,  5.43it/s]
Ep7:  95%|█████████▍| 55/58 [00:09<00:00,  5.43it/s]
Ep7:  97%|█████████▋| 56/58 [00:09<00:00,  5.38it/s]
Ep7:  98%|█████████▊| 57/58 [00:09<00:00,  5.64it/s]
Ep7: 100%|██████████| 58/58 [00:09<00:00,  5.65it/s]
                                                    

Ep8:   0%|          | 0/58 [00:00<?, ?it/s]
Ep8:   2%|▏         | 1/58 [00:00<00:47,  1.19it/s]
Ep8:   3%|▎         | 2/58 [00:01<00:26,  2.15it/s]
Ep8:   5%|▌         | 3/58 [00:01<00:18,  2.97it/s]
Ep8:   7%|▋         | 4/58 [00:01<00:14,  3.69it/s]
Ep8:  10%|█         | 6/58 [00:01<00:09,  5.63it/s]
Ep8:  14%|█▍        | 8/58 [00:01<00:07,  7.03it/s]
Ep8:  17%|█▋        | 10/58 [00:01<00:05,  8.05it/s]
Ep8:  19%|█▉        | 11/58 [00:02<00:05,  8.11it/s]
Ep8:  22%|██▏       | 13/58 [00:02<00:05,  8.86it/s]
Ep8:  24%|██▍       | 14/58 [00:02<00:05,  8.31it/s]
Ep8:  26%|██▌       | 15/58 [00:02<00:05,  8.11it/s]
Ep8:  28%|██▊       | 16/58 [00:02<00:05,  7.57it/s]
Ep8:  29%|██▉       | 17/58 [00:02<00:05,  7.41it/s]
Ep8:  31%|███       | 18/58 [00:02<00:05,  7.58it/s]
Ep8:  34%|███▍      | 20/58 [00:03<00:04,  8.63it/s]
Ep8:  38%|███▊      | 22/58 [00:03<00:03,  9.25it/s]
Ep8:  41%|████▏     | 24/58 [00:03<00:03,  9.63it/s]
Ep8:  45%|████▍     | 26/58 [00:03<00:03,  9.02it/s]
Ep8:  47%|████▋     | 27/58 [00:03<00:03,  8.07it/s]
Ep8:  48%|████▊     | 28/58 [00:04<00:04,  7.26it/s]
Ep8:  50%|█████     | 29/58 [00:04<00:04,  6.43it/s]
Ep8:  52%|█████▏    | 30/58 [00:04<00:04,  6.37it/s]
Ep8:  53%|█████▎    | 31/58 [00:04<00:04,  6.37it/s]
Ep8:  57%|█████▋    | 33/58 [00:04<00:03,  7.69it/s]
Ep8:  60%|██████    | 35/58 [00:05<00:02,  8.58it/s]
Ep8:  64%|██████▍   | 37/58 [00:05<00:02,  9.19it/s]
Ep8:  66%|██████▌   | 38/58 [00:05<00:02,  9.32it/s]
Ep8:  67%|██████▋   | 39/58 [00:05<00:02,  7.99it/s]
Ep8:  69%|██████▉   | 40/58 [00:05<00:02,  7.11it/s]
Ep8:  71%|███████   | 41/58 [00:05<00:02,  6.56it/s]
Ep8:  72%|███████▏  | 42/58 [00:06<00:02,  5.93it/s]
Ep8:  74%|███████▍  | 43/58 [00:06<00:02,  5.72it/s]
Ep8:  76%|███████▌  | 44/58 [00:06<00:02,  5.69it/s]
Ep8:  78%|███████▊  | 45/58 [00:06<00:02,  5.35it/s]
Ep8:  79%|███████▉  | 46/58 [00:06<00:02,  5.32it/s]
Ep8:  81%|████████  | 47/58 [00:07<00:02,  5.38it/s]
Ep8:  83%|████████▎ | 48/58 [00:07<00:01,  5.55it/s]
Ep8:  84%|████████▍ | 49/58 [00:07<00:01,  5.31it/s]
Ep8:  86%|████████▌ | 50/58 [00:07<00:01,  5.38it/s]
Ep8:  88%|████████▊ | 51/58 [00:07<00:01,  5.15it/s]
Ep8:  90%|████████▉ | 52/58 [00:08<00:01,  5.18it/s]
Ep8:  91%|█████████▏| 53/58 [00:08<00:00,  5.22it/s]
Ep8:  93%|█████████▎| 54/58 [00:08<00:00,  5.46it/s]
Ep8:  95%|█████████▍| 55/58 [00:08<00:00,  5.32it/s]
Ep8:  97%|█████████▋| 56/58 [00:08<00:00,  5.13it/s]
Ep8:  98%|█████████▊| 57/58 [00:09<00:00,  5.16it/s]
Ep8: 100%|██████████| 58/58 [00:09<00:00,  5.34it/s]
                                                    

Ep9:   0%|          | 0/58 [00:00<?, ?it/s]
Ep9:   2%|▏         | 1/58 [00:00<00:43,  1.31it/s]
Ep9:   5%|▌         | 3/58 [00:00<00:15,  3.58it/s]
Ep9:   9%|▊         | 5/58 [00:01<00:10,  5.27it/s]
Ep9:  12%|█▏        | 7/58 [00:01<00:08,  6.24it/s]
Ep9:  14%|█▍        | 8/58 [00:01<00:07,  6.54it/s]
Ep9:  16%|█▌        | 9/58 [00:01<00:06,  7.09it/s]
Ep9:  19%|█▉        | 11/58 [00:01<00:06,  7.55it/s]
Ep9:  21%|██        | 12/58 [00:02<00:06,  7.40it/s]
Ep9:  22%|██▏       | 13/58 [00:02<00:06,  7.16it/s]
Ep9:  26%|██▌       | 15/58 [00:02<00:05,  8.26it/s]
Ep9:  29%|██▉       | 17/58 [00:02<00:04,  8.97it/s]
Ep9:  33%|███▎      | 19/58 [00:02<00:04,  9.45it/s]
Ep9:  36%|███▌      | 21/58 [00:03<00:04,  8.63it/s]
Ep9:  38%|███▊      | 22/58 [00:03<00:04,  7.86it/s]
Ep9:  40%|███▉      | 23/58 [00:03<00:04,  7.27it/s]
Ep9:  41%|████▏     | 24/58 [00:03<00:05,  6.74it/s]
Ep9:  43%|████▎     | 25/58 [00:03<00:05,  6.33it/s]
Ep9:  45%|████▍     | 26/58 [00:03<00:05,  6.01it/s]
Ep9:  47%|████▋     | 27/58 [00:04<00:05,  5.79it/s]
Ep9:  48%|████▊     | 28/58 [00:04<00:05,  5.80it/s]
Ep9:  50%|█████     | 29/58 [00:04<00:04,  5.86it/s]
Ep9:  52%|█████▏    | 30/58 [00:04<00:04,  5.64it/s]
Ep9:  53%|█████▎    | 31/58 [00:04<00:04,  5.62it/s]
Ep9:  55%|█████▌    | 32/58 [00:05<00:04,  5.33it/s]
Ep9:  57%|█████▋    | 33/58 [00:05<00:04,  5.45it/s]
Ep9:  59%|█████▊    | 34/58 [00:05<00:04,  5.49it/s]
Ep9:  60%|██████    | 35/58 [00:05<00:04,  5.22it/s]
Ep9:  62%|██████▏   | 36/58 [00:05<00:04,  5.30it/s]
Ep9:  64%|██████▍   | 37/58 [00:06<00:04,  5.13it/s]
Ep9:  66%|██████▌   | 38/58 [00:06<00:04,  4.98it/s]
Ep9:  67%|██████▋   | 39/58 [00:06<00:03,  5.22it/s]
Ep9:  69%|██████▉   | 40/58 [00:06<00:03,  5.19it/s]
Ep9:  71%|███████   | 41/58 [00:06<00:03,  5.26it/s]
Ep9:  72%|███████▏  | 42/58 [00:06<00:03,  5.25it/s]
Ep9:  74%|███████▍  | 43/58 [00:07<00:02,  5.12it/s]
Ep9:  76%|███████▌  | 44/58 [00:07<00:02,  5.20it/s]
Ep9:  78%|███████▊  | 45/58 [00:07<00:02,  5.26it/s]
Ep9:  79%|███████▉  | 46/58 [00:07<00:02,  5.13it/s]
Ep9:  81%|████████  | 47/58 [00:07<00:02,  5.15it/s]
Ep9:  83%|████████▎ | 48/58 [00:08<00:01,  5.18it/s]
Ep9:  84%|████████▍ | 49/58 [00:08<00:01,  5.02it/s]
Ep9:  86%|████████▌ | 50/58 [00:08<00:01,  5.15it/s]
Ep9:  88%|████████▊ | 51/58 [00:08<00:01,  5.00it/s]
Ep9:  90%|████████▉ | 52/58 [00:08<00:01,  5.20it/s]
Ep9:  91%|█████████▏| 53/58 [00:09<00:00,  5.23it/s]
Ep9:  93%|█████████▎| 54/58 [00:09<00:00,  5.34it/s]
Ep9:  95%|█████████▍| 55/58 [00:09<00:00,  5.18it/s]
Ep9:  97%|█████████▋| 56/58 [00:09<00:00,  5.23it/s]
Ep9:  98%|█████████▊| 57/58 [00:09<00:00,  5.27it/s]
Ep9: 100%|██████████| 58/58 [00:10<00:00,  5.53it/s]
                                                    

Ep10:   0%|          | 0/58 [00:00<?, ?it/s]
Ep10:   2%|▏         | 1/58 [00:00<00:43,  1.31it/s]
Ep10:   5%|▌         | 3/58 [00:00<00:14,  3.72it/s]
Ep10:   9%|▊         | 5/58 [00:01<00:09,  5.56it/s]
Ep10:  12%|█▏        | 7/58 [00:01<00:07,  6.48it/s]
Ep10:  14%|█▍        | 8/58 [00:01<00:07,  6.55it/s]
Ep10:  16%|█▌        | 9/58 [00:01<00:07,  6.51it/s]
Ep10:  17%|█▋        | 10/58 [00:01<00:08,  5.95it/s]
Ep10:  19%|█▉        | 11/58 [00:02<00:08,  5.86it/s]
Ep10:  21%|██        | 12/58 [00:02<00:07,  5.86it/s]
Ep10:  22%|██▏       | 13/58 [00:02<00:07,  5.88it/s]
Ep10:  24%|██▍       | 14/58 [00:02<00:07,  5.50it/s]
Ep10:  26%|██▌       | 15/58 [00:02<00:07,  5.44it/s]
Ep10:  28%|██▊       | 16/58 [00:02<00:07,  5.55it/s]
Ep10:  29%|██▉       | 17/58 [00:03<00:07,  5.47it/s]
Ep10:  31%|███       | 18/58 [00:03<00:07,  5.49it/s]
Ep10:  33%|███▎      | 19/58 [00:03<00:07,  5.24it/s]
Ep10:  34%|███▍      | 20/58 [00:03<00:07,  5.24it/s]
Ep10:  36%|███▌      | 21/58 [00:03<00:07,  5.26it/s]
Ep10:  38%|███▊      | 22/58 [00:04<00:06,  5.50it/s]
Ep10:  40%|███▉      | 23/58 [00:04<00:06,  5.27it/s]
Ep10:  41%|████▏     | 24/58 [00:04<00:06,  5.04it/s]
Ep10:  43%|████▎     | 25/58 [00:04<00:06,  5.25it/s]
Ep10:  45%|████▍     | 26/58 [00:04<00:06,  5.25it/s]
Ep10:  47%|████▋     | 27/58 [00:05<00:05,  5.25it/s]
Ep10:  48%|████▊     | 28/58 [00:05<00:05,  5.37it/s]
Ep10:  50%|█████     | 29/58 [00:05<00:05,  5.19it/s]
Ep10:  52%|█████▏    | 30/58 [00:05<00:05,  5.18it/s]
Ep10:  53%|█████▎    | 31/58 [00:05<00:05,  5.06it/s]
Ep10:  55%|█████▌    | 32/58 [00:06<00:05,  5.12it/s]
Ep10:  57%|█████▋    | 33/58 [00:06<00:04,  5.32it/s]
Ep10:  59%|█████▊    | 34/58 [00:06<00:04,  5.45it/s]
Ep10:  60%|██████    | 35/58 [00:06<00:04,  5.25it/s]
Ep10:  62%|██████▏   | 36/58 [00:06<00:04,  5.40it/s]
Ep10:  64%|██████▍   | 37/58 [00:06<00:03,  5.43it/s]
Ep10:  66%|██████▌   | 38/58 [00:07<00:03,  5.30it/s]
Ep10:  67%|██████▋   | 39/58 [00:07<00:03,  5.50it/s]
Ep10:  69%|██████▉   | 40/58 [00:07<00:03,  5.38it/s]
Ep10:  71%|███████   | 41/58 [00:07<00:03,  5.59it/s]
Ep10:  72%|███████▏  | 42/58 [00:07<00:02,  5.66it/s]
Ep10:  74%|███████▍  | 43/58 [00:08<00:02,  5.48it/s]
Ep10:  76%|███████▌  | 44/58 [00:08<00:02,  5.45it/s]
Ep10:  78%|███████▊  | 45/58 [00:08<00:02,  5.24it/s]
Ep10:  79%|███████▉  | 46/58 [00:08<00:02,  5.35it/s]
Ep10:  81%|████████  | 47/58 [00:08<00:02,  5.13it/s]
Ep10:  83%|████████▎ | 48/58 [00:09<00:01,  5.19it/s]
Ep10:  84%|████████▍ | 49/58 [00:09<00:01,  5.24it/s]
Ep10:  86%|████████▌ | 50/58 [00:09<00:01,  5.39it/s]
Ep10:  88%|████████▊ | 51/58 [00:09<00:01,  5.41it/s]
Ep10:  90%|████████▉ | 52/58 [00:09<00:01,  5.36it/s]
Ep10:  91%|█████████▏| 53/58 [00:09<00:00,  5.33it/s]
Ep10:  93%|█████████▎| 54/58 [00:10<00:00,  5.28it/s]
Ep10:  95%|█████████▍| 55/58 [00:10<00:00,  5.45it/s]
Ep10:  97%|█████████▋| 56/58 [00:10<00:00,  5.26it/s]
Ep10:  98%|█████████▊| 57/58 [00:10<00:00,  5.09it/s]
Ep10: 100%|██████████| 58/58 [00:10<00:00,  5.20it/s]
                                                     

Ep11:   0%|          | 0/58 [00:00<?, ?it/s]
Ep11:   2%|▏         | 1/58 [00:00<00:45,  1.24it/s]
Ep11:   3%|▎         | 2/58 [00:01<00:25,  2.20it/s]
Ep11:   5%|▌         | 3/58 [00:01<00:18,  2.97it/s]
Ep11:   7%|▋         | 4/58 [00:01<00:14,  3.69it/s]
Ep11:   9%|▊         | 5/58 [00:01<00:12,  4.16it/s]
Ep11:  10%|█         | 6/58 [00:01<00:11,  4.48it/s]
Ep11:  12%|█▏        | 7/58 [00:01<00:11,  4.58it/s]
Ep11:  14%|█▍        | 8/58 [00:02<00:10,  4.93it/s]
Ep11:  16%|█▌        | 9/58 [00:02<00:10,  4.89it/s]
Ep11:  17%|█▋        | 10/58 [00:02<00:09,  5.07it/s]
Ep11:  19%|█▉        | 11/58 [00:02<00:09,  4.95it/s]
Ep11:  21%|██        | 12/58 [00:02<00:08,  5.17it/s]
Ep11:  22%|██▏       | 13/58 [00:03<00:08,  5.11it/s]
Ep11:  24%|██▍       | 14/58 [00:03<00:08,  5.22it/s]
Ep11:  26%|██▌       | 15/58 [00:03<00:07,  5.43it/s]
Ep11:  28%|██▊       | 16/58 [00:03<00:07,  5.46it/s]
Ep11:  29%|██▉       | 17/58 [00:03<00:07,  5.42it/s]
Ep11:  31%|███       | 18/58 [00:04<00:07,  5.44it/s]
Ep11:  33%|███▎      | 19/58 [00:04<00:07,  5.46it/s]
Ep11:  34%|███▍      | 20/58 [00:04<00:07,  5.28it/s]
Ep11:  36%|███▌      | 21/58 [00:04<00:06,  5.43it/s]
Ep11:  38%|███▊      | 22/58 [00:04<00:06,  5.59it/s]
Ep11:  40%|███▉      | 23/58 [00:04<00:06,  5.83it/s]
Ep11:  41%|████▏     | 24/58 [00:05<00:06,  5.65it/s]
Ep11:  43%|████▎     | 25/58 [00:05<00:06,  5.48it/s]
Ep11:  45%|████▍     | 26/58 [00:05<00:05,  5.58it/s]
Ep11:  47%|████▋     | 27/58 [00:05<00:05,  5.51it/s]
Ep11:  48%|████▊     | 28/58 [00:05<00:05,  5.60it/s]
Ep11:  50%|█████     | 29/58 [00:05<00:05,  5.54it/s]
Ep11:  52%|█████▏    | 30/58 [00:06<00:05,  5.43it/s]
Ep11:  53%|█████▎    | 31/58 [00:06<00:04,  5.44it/s]
Ep11:  55%|█████▌    | 32/58 [00:06<00:05,  5.18it/s]
Ep11:  57%|█████▋    | 33/58 [00:06<00:04,  5.18it/s]
Ep11:  59%|█████▊    | 34/58 [00:06<00:04,  5.36it/s]
Ep11:  62%|██████▏   | 36/58 [00:07<00:03,  6.94it/s]
Ep11:  66%|██████▌   | 38/58 [00:07<00:02,  8.00it/s]
Ep11:  69%|██████▉   | 40/58 [00:07<00:02,  8.72it/s]
Ep11:  72%|███████▏  | 42/58 [00:07<00:01,  9.27it/s]
Ep11:  74%|███████▍  | 43/58 [00:07<00:01,  8.92it/s]
Ep11:  76%|███████▌  | 44/58 [00:07<00:01,  8.88it/s]
Ep11:  78%|███████▊  | 45/58 [00:08<00:01,  8.38it/s]
Ep11:  79%|███████▉  | 46/58 [00:08<00:01,  7.95it/s]
Ep11:  81%|████████  | 47/58 [00:08<00:01,  7.57it/s]
Ep11:  83%|████████▎ | 48/58 [00:08<00:01,  7.64it/s]
Ep11:  86%|████████▌ | 50/58 [00:08<00:00,  8.71it/s]
Ep11:  90%|████████▉ | 52/58 [00:08<00:00,  9.35it/s]
Ep11:  93%|█████████▎| 54/58 [00:09<00:00,  9.74it/s]
Ep11:  95%|█████████▍| 55/58 [00:09<00:00,  9.04it/s]
Ep11:  97%|█████████▋| 56/58 [00:09<00:00,  7.86it/s]
Ep11:  98%|█████████▊| 57/58 [00:09<00:00,  6.96it/s]
Ep11: 100%|██████████| 58/58 [00:09<00:00,  6.54it/s]
                                                     

Ep12:   0%|          | 0/58 [00:00<?, ?it/s]
Ep12:   2%|▏         | 1/58 [00:00<00:48,  1.18it/s]
Ep12:   3%|▎         | 2/58 [00:01<00:25,  2.18it/s]
Ep12:   5%|▌         | 3/58 [00:01<00:18,  3.00it/s]
Ep12:   7%|▋         | 4/58 [00:01<00:14,  3.73it/s]
Ep12:   9%|▊         | 5/58 [00:01<00:12,  4.29it/s]
Ep12:  10%|█         | 6/58 [00:01<00:11,  4.56it/s]
Ep12:  12%|█▏        | 7/58 [00:01<00:10,  4.90it/s]
Ep12:  14%|█▍        | 8/58 [00:02<00:09,  5.16it/s]
Ep12:  16%|█▌        | 9/58 [00:02<00:09,  5.04it/s]
Ep12:  17%|█▋        | 10/58 [00:02<00:09,  5.20it/s]
Ep12:  19%|█▉        | 11/58 [00:02<00:09,  5.12it/s]
Ep12:  21%|██        | 12/58 [00:02<00:08,  5.20it/s]
Ep12:  22%|██▏       | 13/58 [00:03<00:08,  5.17it/s]
Ep12:  24%|██▍       | 14/58 [00:03<00:08,  5.24it/s]
Ep12:  26%|██▌       | 15/58 [00:03<00:08,  5.31it/s]
Ep12:  28%|██▊       | 16/58 [00:03<00:08,  5.17it/s]
Ep12:  29%|██▉       | 17/58 [00:03<00:07,  5.21it/s]
Ep12:  31%|███       | 18/58 [00:04<00:07,  5.29it/s]
Ep12:  33%|███▎      | 19/58 [00:04<00:07,  5.29it/s]
Ep12:  34%|███▍      | 20/58 [00:04<00:07,  5.27it/s]
Ep12:  36%|███▌      | 21/58 [00:04<00:06,  5.36it/s]
Ep12:  38%|███▊      | 22/58 [00:04<00:07,  5.13it/s]
Ep12:  40%|███▉      | 23/58 [00:04<00:06,  5.55it/s]
Ep12:  43%|████▎     | 25/58 [00:05<00:04,  7.10it/s]
Ep12:  47%|████▋     | 27/58 [00:05<00:03,  8.16it/s]
Ep12:  50%|█████     | 29/58 [00:05<00:03,  8.90it/s]
Ep12:  52%|█████▏    | 30/58 [00:05<00:03,  8.36it/s]
Ep12:  53%|█████▎    | 31/58 [00:05<00:03,  8.23it/s]
Ep12:  55%|█████▌    | 32/58 [00:05<00:03,  7.86it/s]
Ep12:  57%|█████▋    | 33/58 [00:06<00:03,  7.87it/s]
Ep12:  59%|█████▊    | 34/58 [00:06<00:03,  7.49it/s]
Ep12:  60%|██████    | 35/58 [00:06<00:02,  7.80it/s]
Ep12:  64%|██████▍   | 37/58 [00:06<00:02,  8.83it/s]
Ep12:  67%|██████▋   | 39/58 [00:06<00:02,  9.40it/s]
Ep12:  71%|███████   | 41/58 [00:06<00:01,  9.80it/s]
Ep12:  74%|███████▍  | 43/58 [00:07<00:01, 10.07it/s]
Ep12:  76%|███████▌  | 44/58 [00:07<00:01,  9.61it/s]
Ep12:  78%|███████▊  | 45/58 [00:07<00:01,  7.92it/s]
Ep12:  79%|███████▉  | 46/58 [00:07<00:01,  7.07it/s]
Ep12:  81%|████████  | 47/58 [00:07<00:01,  6.72it/s]
Ep12:  83%|████████▎ | 48/58 [00:07<00:01,  6.32it/s]
Ep12:  84%|████████▍ | 49/58 [00:08<00:01,  6.25it/s]
Ep12:  86%|████████▌ | 50/58 [00:08<00:01,  6.11it/s]
Ep12:  88%|████████▊ | 51/58 [00:08<00:01,  6.02it/s]
Ep12:  90%|████████▉ | 52/58 [00:08<00:01,  5.80it/s]
Ep12:  91%|█████████▏| 53/58 [00:08<00:00,  5.71it/s]
Ep12:  93%|█████████▎| 54/58 [00:09<00:00,  5.61it/s]
Ep12:  95%|█████████▍| 55/58 [00:09<00:00,  5.54it/s]
Ep12:  97%|█████████▋| 56/58 [00:09<00:00,  5.50it/s]
Ep12:  98%|█████████▊| 57/58 [00:09<00:00,  5.47it/s]
Ep12: 100%|██████████| 58/58 [00:09<00:00,  5.39it/s]
                                                     

Ep13:   0%|          | 0/58 [00:00<?, ?it/s]
Ep13:   2%|▏         | 1/58 [00:00<00:49,  1.16it/s]
Ep13:   3%|▎         | 2/58 [00:01<00:26,  2.14it/s]
Ep13:   5%|▌         | 3/58 [00:01<00:18,  2.93it/s]
Ep13:   7%|▋         | 4/58 [00:01<00:14,  3.71it/s]
Ep13:   9%|▊         | 5/58 [00:01<00:13,  4.04it/s]
Ep13:  10%|█         | 6/58 [00:01<00:12,  4.33it/s]
Ep13:  12%|█▏        | 7/58 [00:01<00:11,  4.63it/s]
Ep13:  14%|█▍        | 8/58 [00:02<00:10,  4.84it/s]
Ep13:  16%|█▌        | 9/58 [00:02<00:10,  4.90it/s]
Ep13:  17%|█▋        | 10/58 [00:02<00:09,  5.15it/s]
Ep13:  19%|█▉        | 11/58 [00:02<00:09,  5.04it/s]
Ep13:  22%|██▏       | 13/58 [00:02<00:06,  6.67it/s]
Ep13:  26%|██▌       | 15/58 [00:03<00:05,  7.81it/s]
Ep13:  29%|██▉       | 17/58 [00:03<00:04,  8.64it/s]
Ep13:  31%|███       | 18/58 [00:03<00:04,  8.86it/s]
Ep13:  33%|███▎      | 19/58 [00:03<00:04,  8.35it/s]
Ep13:  34%|███▍      | 20/58 [00:03<00:04,  8.07it/s]
Ep13:  36%|███▌      | 21/58 [00:03<00:04,  7.95it/s]
Ep13:  38%|███▊      | 22/58 [00:03<00:04,  7.75it/s]
Ep13:  40%|███▉      | 23/58 [00:04<00:04,  7.43it/s]
Ep13:  43%|████▎     | 25/58 [00:04<00:03,  8.55it/s]
Ep13:  47%|████▋     | 27/58 [00:04<00:03,  9.20it/s]
Ep13:  50%|█████     | 29/58 [00:04<00:03,  9.64it/s]
Ep13:  53%|█████▎    | 31/58 [00:04<00:02,  9.40it/s]
Ep13:  55%|█████▌    | 32/58 [00:05<00:03,  8.11it/s]
Ep13:  57%|█████▋    | 33/58 [00:05<00:03,  7.42it/s]
Ep13:  59%|█████▊    | 34/58 [00:05<00:03,  6.59it/s]
Ep13:  60%|██████    | 35/58 [00:05<00:03,  6.24it/s]
Ep13:  62%|██████▏   | 36/58 [00:05<00:03,  5.97it/s]
Ep13:  64%|██████▍   | 37/58 [00:06<00:03,  5.68it/s]
Ep13:  66%|██████▌   | 38/58 [00:06<00:03,  5.59it/s]
Ep13:  67%|██████▋   | 39/58 [00:06<00:03,  5.49it/s]
Ep13:  69%|██████▉   | 40/58 [00:06<00:03,  5.64it/s]
Ep13:  71%|███████   | 41/58 [00:06<00:03,  5.64it/s]
Ep13:  72%|███████▏  | 42/58 [00:06<00:02,  5.49it/s]
Ep13:  74%|███████▍  | 43/58 [00:07<00:02,  5.57it/s]
Ep13:  76%|███████▌  | 44/58 [00:07<00:02,  5.37it/s]
Ep13:  78%|███████▊  | 45/58 [00:07<00:02,  5.45it/s]
Ep13:  79%|███████▉  | 46/58 [00:07<00:02,  5.35it/s]
Ep13:  81%|████████  | 47/58 [00:07<00:02,  5.45it/s]
Ep13:  83%|████████▎ | 48/58 [00:08<00:01,  5.45it/s]
Ep13:  84%|████████▍ | 49/58 [00:08<00:01,  5.54it/s]
Ep13:  86%|████████▌ | 50/58 [00:08<00:01,  5.57it/s]
Ep13:  88%|████████▊ | 51/58 [00:08<00:01,  5.49it/s]
Ep13:  90%|████████▉ | 52/58 [00:08<00:01,  5.47it/s]
Ep13:  91%|█████████▏| 53/58 [00:08<00:00,  5.50it/s]
Ep13:  93%|█████████▎| 54/58 [00:09<00:00,  5.27it/s]
Ep13:  95%|█████████▍| 55/58 [00:09<00:00,  5.36it/s]
Ep13:  97%|█████████▋| 56/58 [00:09<00:00,  5.47it/s]
Ep13:  98%|█████████▊| 57/58 [00:09<00:00,  5.60it/s]
Ep13: 100%|██████████| 58/58 [00:09<00:00,  5.80it/s]
                                                     

Ep14:   0%|          | 0/58 [00:00<?, ?it/s]
Ep14:   2%|▏         | 1/58 [00:00<00:42,  1.34it/s]
Ep14:   5%|▌         | 3/58 [00:00<00:14,  3.69it/s]
Ep14:   9%|▊         | 5/58 [00:01<00:09,  5.34it/s]
Ep14:  10%|█         | 6/58 [00:01<00:08,  6.01it/s]
Ep14:  12%|█▏        | 7/58 [00:01<00:08,  6.33it/s]
Ep14:  14%|█▍        | 8/58 [00:01<00:07,  7.04it/s]
Ep14:  16%|█▌        | 9/58 [00:01<00:06,  7.07it/s]
Ep14:  17%|█▋        | 10/58 [00:01<00:06,  7.16it/s]
Ep14:  19%|█▉        | 11/58 [00:01<00:06,  7.19it/s]
Ep14:  21%|██        | 12/58 [00:02<00:06,  6.92it/s]
Ep14:  24%|██▍       | 14/58 [00:02<00:05,  8.06it/s]
Ep14:  28%|██▊       | 16/58 [00:02<00:04,  8.70it/s]
Ep14:  29%|██▉       | 17/58 [00:02<00:04,  8.93it/s]
Ep14:  31%|███       | 18/58 [00:02<00:04,  9.14it/s]
Ep14:  33%|███▎      | 19/58 [00:02<00:04,  8.62it/s]
Ep14:  34%|███▍      | 20/58 [00:03<00:05,  7.59it/s]
Ep14:  36%|███▌      | 21/58 [00:03<00:05,  6.82it/s]
Ep14:  38%|███▊      | 22/58 [00:03<00:05,  6.50it/s]
Ep14:  40%|███▉      | 23/58 [00:03<00:05,  6.03it/s]
Ep14:  41%|████▏     | 24/58 [00:03<00:06,  5.58it/s]
Ep14:  43%|████▎     | 25/58 [00:03<00:05,  5.58it/s]
Ep14:  45%|████▍     | 26/58 [00:04<00:06,  5.30it/s]
Ep14:  47%|████▋     | 27/58 [00:04<00:05,  5.26it/s]
Ep14:  48%|████▊     | 28/58 [00:04<00:05,  5.40it/s]
Ep14:  50%|█████     | 29/58 [00:04<00:05,  5.39it/s]
Ep14:  52%|█████▏    | 30/58 [00:04<00:05,  5.29it/s]
Ep14:  53%|█████▎    | 31/58 [00:05<00:05,  5.08it/s]
Ep14:  55%|█████▌    | 32/58 [00:05<00:05,  5.13it/s]
Ep14:  57%|█████▋    | 33/58 [00:05<00:04,  5.20it/s]
Ep14:  59%|█████▊    | 34/58 [00:05<00:04,  5.31it/s]
Ep14:  60%|██████    | 35/58 [00:05<00:04,  5.08it/s]
Ep14:  62%|██████▏   | 36/58 [00:06<00:04,  5.16it/s]
Ep14:  64%|██████▍   | 37/58 [00:06<00:04,  5.20it/s]
Ep14:  66%|██████▌   | 38/58 [00:06<00:03,  5.04it/s]
Ep14:  67%|██████▋   | 39/58 [00:06<00:03,  4.91it/s]
Ep14:  69%|██████▉   | 40/58 [00:06<00:03,  5.11it/s]
Ep14:  71%|███████   | 41/58 [00:07<00:03,  5.27it/s]
Ep14:  72%|███████▏  | 42/58 [00:07<00:03,  5.26it/s]
Ep14:  74%|███████▍  | 43/58 [00:07<00:02,  5.40it/s]
Ep14:  76%|███████▌  | 44/58 [00:07<00:02,  5.34it/s]
Ep14:  78%|███████▊  | 45/58 [00:07<00:02,  5.31it/s]
Ep14:  79%|███████▉  | 46/58 [00:07<00:02,  5.33it/s]
Ep14:  81%|████████  | 47/58 [00:08<00:02,  5.28it/s]
Ep14:  83%|████████▎ | 48/58 [00:08<00:01,  5.24it/s]
Ep14:  84%|████████▍ | 49/58 [00:08<00:01,  5.16it/s]
Ep14:  86%|████████▌ | 50/58 [00:08<00:01,  5.17it/s]
Ep14:  88%|████████▊ | 51/58 [00:08<00:01,  5.31it/s]
Ep14:  90%|████████▉ | 52/58 [00:09<00:01,  5.45it/s]
Ep14:  91%|█████████▏| 53/58 [00:09<00:00,  5.21it/s]
Ep14:  93%|█████████▎| 54/58 [00:09<00:00,  5.03it/s]
Ep14:  95%|█████████▍| 55/58 [00:09<00:00,  5.13it/s]
Ep14:  97%|█████████▋| 56/58 [00:09<00:00,  5.34it/s]
Ep14:  98%|█████████▊| 57/58 [00:10<00:00,  5.32it/s]
Ep14: 100%|██████████| 58/58 [00:10<00:00,  5.42it/s]
                                                     

Ep15:   0%|          | 0/58 [00:00<?, ?it/s]
Ep15:   2%|▏         | 1/58 [00:00<00:43,  1.31it/s]
Ep15:   3%|▎         | 2/58 [00:00<00:20,  2.67it/s]
Ep15:   5%|▌         | 3/58 [00:00<00:14,  3.92it/s]
Ep15:   7%|▋         | 4/58 [00:01<00:10,  5.14it/s]
Ep15:   9%|▊         | 5/58 [00:01<00:08,  6.13it/s]
Ep15:  10%|█         | 6/58 [00:01<00:08,  6.29it/s]
Ep15:  12%|█▏        | 7/58 [00:01<00:08,  6.22it/s]
Ep15:  14%|█▍        | 8/58 [00:01<00:08,  6.02it/s]
Ep15:  16%|█▌        | 9/58 [00:01<00:08,  5.61it/s]
Ep15:  17%|█▋        | 10/58 [00:02<00:08,  5.67it/s]
Ep15:  19%|█▉        | 11/58 [00:02<00:08,  5.59it/s]
Ep15:  21%|██        | 12/58 [00:02<00:08,  5.53it/s]
Ep15:  22%|██▏       | 13/58 [00:02<00:08,  5.29it/s]
Ep15:  24%|██▍       | 14/58 [00:02<00:08,  5.09it/s]
Ep15:  26%|██▌       | 15/58 [00:03<00:08,  5.22it/s]
Ep15:  28%|██▊       | 16/58 [00:03<00:08,  5.01it/s]
Ep15:  29%|██▉       | 17/58 [00:03<00:08,  5.04it/s]
Ep15:  31%|███       | 18/58 [00:03<00:07,  5.21it/s]
Ep15:  33%|███▎      | 19/58 [00:03<00:07,  5.16it/s]
Ep15:  34%|███▍      | 20/58 [00:04<00:07,  5.22it/s]
Ep15:  36%|███▌      | 21/58 [00:04<00:06,  5.45it/s]
Ep15:  38%|███▊      | 22/58 [00:04<00:06,  5.50it/s]
Ep15:  40%|███▉      | 23/58 [00:04<00:06,  5.50it/s]
Ep15:  41%|████▏     | 24/58 [00:04<00:06,  5.66it/s]
Ep15:  43%|████▎     | 25/58 [00:04<00:05,  5.51it/s]
Ep15:  45%|████▍     | 26/58 [00:05<00:05,  5.43it/s]
Ep15:  47%|████▋     | 27/58 [00:05<00:05,  5.46it/s]
Ep15:  48%|████▊     | 28/58 [00:05<00:05,  5.20it/s]
Ep15:  50%|█████     | 29/58 [00:05<00:05,  5.28it/s]
Ep15:  52%|█████▏    | 30/58 [00:05<00:05,  5.23it/s]
Ep15:  53%|█████▎    | 31/58 [00:06<00:05,  5.26it/s]
Ep15:  55%|█████▌    | 32/58 [00:06<00:05,  5.11it/s]
Ep15:  57%|█████▋    | 33/58 [00:06<00:04,  5.34it/s]
Ep15:  59%|█████▊    | 34/58 [00:06<00:04,  5.17it/s]
Ep15:  60%|██████    | 35/58 [00:06<00:04,  5.16it/s]
Ep15:  62%|██████▏   | 36/58 [00:07<00:04,  5.22it/s]
Ep15:  64%|██████▍   | 37/58 [00:07<00:03,  5.35it/s]
Ep15:  66%|██████▌   | 38/58 [00:07<00:03,  5.64it/s]
Ep15:  67%|██████▋   | 39/58 [00:07<00:03,  5.36it/s]
Ep15:  69%|██████▉   | 40/58 [00:07<00:03,  5.13it/s]
Ep15:  71%|███████   | 41/58 [00:07<00:03,  5.16it/s]
Ep15:  72%|███████▏  | 42/58 [00:08<00:03,  5.25it/s]
Ep15:  74%|███████▍  | 43/58 [00:08<00:02,  5.10it/s]
Ep15:  76%|███████▌  | 44/58 [00:08<00:02,  5.23it/s]
Ep15:  78%|███████▊  | 45/58 [00:08<00:02,  5.36it/s]
Ep15:  79%|███████▉  | 46/58 [00:08<00:02,  5.29it/s]
Ep15:  81%|████████  | 47/58 [00:09<00:02,  5.37it/s]
Ep15:  83%|████████▎ | 48/58 [00:09<00:01,  5.33it/s]
Ep15:  84%|████████▍ | 49/58 [00:09<00:01,  5.26it/s]
Ep15:  86%|████████▌ | 50/58 [00:09<00:01,  5.53it/s]
Ep15:  88%|████████▊ | 51/58 [00:09<00:01,  5.29it/s]
Ep15:  90%|████████▉ | 52/58 [00:10<00:01,  5.39it/s]
Ep15:  91%|█████████▏| 53/58 [00:10<00:00,  5.37it/s]
Ep15:  93%|█████████▎| 54/58 [00:10<00:00,  5.35it/s]
Ep15:  95%|█████████▍| 55/58 [00:10<00:00,  5.31it/s]
Ep15:  97%|█████████▋| 56/58 [00:10<00:00,  5.46it/s]
Ep15:  98%|█████████▊| 57/58 [00:10<00:00,  5.48it/s]
Ep15: 100%|██████████| 58/58 [00:11<00:00,  5.39it/s]
                                                     

Ep16:   0%|          | 0/58 [00:00<?, ?it/s]
Ep16:   2%|▏         | 1/58 [00:00<00:47,  1.20it/s]
Ep16:   3%|▎         | 2/58 [00:01<00:26,  2.13it/s]
Ep16:   5%|▌         | 3/58 [00:01<00:18,  2.92it/s]
Ep16:   7%|▋         | 4/58 [00:01<00:14,  3.62it/s]
Ep16:   9%|▊         | 5/58 [00:01<00:12,  4.21it/s]
Ep16:  10%|█         | 6/58 [00:01<00:11,  4.41it/s]
Ep16:  12%|█▏        | 7/58 [00:01<00:10,  4.69it/s]
Ep16:  14%|█▍        | 8/58 [00:02<00:10,  4.79it/s]
Ep16:  16%|█▌        | 9/58 [00:02<00:09,  5.02it/s]
Ep16:  17%|█▋        | 10/58 [00:02<00:09,  5.24it/s]
Ep16:  19%|█▉        | 11/58 [00:02<00:09,  5.09it/s]
Ep16:  21%|██        | 12/58 [00:02<00:08,  5.24it/s]
Ep16:  22%|██▏       | 13/58 [00:03<00:08,  5.05it/s]
Ep16:  24%|██▍       | 14/58 [00:03<00:08,  5.06it/s]
Ep16:  26%|██▌       | 15/58 [00:03<00:08,  5.13it/s]
Ep16:  28%|██▊       | 16/58 [00:03<00:08,  5.15it/s]
Ep16:  29%|██▉       | 17/58 [00:03<00:07,  5.29it/s]
Ep16:  31%|███       | 18/58 [00:04<00:07,  5.46it/s]
Ep16:  33%|███▎      | 19/58 [00:04<00:07,  5.43it/s]
Ep16:  34%|███▍      | 20/58 [00:04<00:06,  5.47it/s]
Ep16:  36%|███▌      | 21/58 [00:04<00:06,  5.40it/s]
Ep16:  38%|███▊      | 22/58 [00:04<00:06,  5.58it/s]
Ep16:  40%|███▉      | 23/58 [00:04<00:06,  5.46it/s]
Ep16:  41%|████▏     | 24/58 [00:05<00:06,  5.47it/s]
Ep16:  43%|████▎     | 25/58 [00:05<00:06,  5.22it/s]
Ep16:  45%|████▍     | 26/58 [00:05<00:06,  5.18it/s]
Ep16:  47%|████▋     | 27/58 [00:05<00:05,  5.42it/s]
Ep16:  48%|████▊     | 28/58 [00:05<00:05,  5.41it/s]
Ep16:  50%|█████     | 29/58 [00:06<00:05,  5.38it/s]
Ep16:  52%|█████▏    | 30/58 [00:06<00:05,  5.31it/s]
Ep16:  53%|█████▎    | 31/58 [00:06<00:04,  5.45it/s]
Ep16:  55%|█████▌    | 32/58 [00:06<00:04,  5.24it/s]
Ep16:  57%|█████▋    | 33/58 [00:06<00:04,  5.33it/s]
Ep16:  59%|█████▊    | 34/58 [00:07<00:04,  5.27it/s]
Ep16:  60%|██████    | 35/58 [00:07<00:04,  5.35it/s]
Ep16:  62%|██████▏   | 36/58 [00:07<00:04,  5.14it/s]
Ep16:  64%|██████▍   | 37/58 [00:07<00:04,  5.18it/s]
Ep16:  66%|██████▌   | 38/58 [00:07<00:03,  5.19it/s]
Ep16:  67%|██████▋   | 39/58 [00:07<00:03,  5.35it/s]
Ep16:  69%|██████▉   | 40/58 [00:08<00:03,  5.43it/s]
Ep16:  71%|███████   | 41/58 [00:08<00:03,  5.50it/s]
Ep16:  72%|███████▏  | 42/58 [00:08<00:02,  5.38it/s]
Ep16:  74%|███████▍  | 43/58 [00:08<00:02,  5.37it/s]
Ep16:  76%|███████▌  | 44/58 [00:08<00:02,  5.40it/s]
Ep16:  78%|███████▊  | 45/58 [00:09<00:02,  5.53it/s]
Ep16:  79%|███████▉  | 46/58 [00:09<00:02,  5.36it/s]
Ep16:  81%|████████  | 47/58 [00:09<00:02,  5.11it/s]
Ep16:  83%|████████▎ | 48/58 [00:09<00:01,  5.49it/s]
Ep16:  84%|████████▍ | 49/58 [00:09<00:01,  6.18it/s]
Ep16:  86%|████████▌ | 50/58 [00:09<00:01,  6.76it/s]
Ep16:  88%|████████▊ | 51/58 [00:10<00:00,  7.05it/s]
Ep16:  90%|████████▉ | 52/58 [00:10<00:00,  7.47it/s]
Ep16:  91%|█████████▏| 53/58 [00:10<00:00,  7.80it/s]
Ep16:  93%|█████████▎| 54/58 [00:10<00:00,  7.35it/s]
Ep16:  95%|█████████▍| 55/58 [00:10<00:00,  7.23it/s]
Ep16:  97%|█████████▋| 56/58 [00:10<00:00,  7.00it/s]
Ep16:  98%|█████████▊| 57/58 [00:10<00:00,  7.05it/s]
Ep16: 100%|██████████| 58/58 [00:10<00:00,  7.65it/s]
                                                     

Ep17:   0%|          | 0/58 [00:00<?, ?it/s]
Ep17:   2%|▏         | 1/58 [00:00<00:48,  1.19it/s]
Ep17:   3%|▎         | 2/58 [00:01<00:26,  2.12it/s]
Ep17:   5%|▌         | 3/58 [00:01<00:18,  2.90it/s]
Ep17:   7%|▋         | 4/58 [00:01<00:14,  3.73it/s]
Ep17:   9%|▊         | 5/58 [00:01<00:12,  4.11it/s]
Ep17:  10%|█         | 6/58 [00:01<00:12,  4.28it/s]
Ep17:  12%|█▏        | 7/58 [00:01<00:10,  4.66it/s]
Ep17:  14%|█▍        | 8/58 [00:02<00:10,  4.89it/s]
Ep17:  16%|█▌        | 9/58 [00:02<00:09,  5.22it/s]
Ep17:  17%|█▋        | 10/58 [00:02<00:09,  5.08it/s]
Ep17:  19%|█▉        | 11/58 [00:02<00:09,  4.94it/s]
Ep17:  21%|██        | 12/58 [00:02<00:09,  5.06it/s]
Ep17:  22%|██▏       | 13/58 [00:03<00:08,  5.05it/s]
Ep17:  24%|██▍       | 14/58 [00:03<00:08,  5.19it/s]
Ep17:  26%|██▌       | 15/58 [00:03<00:08,  5.27it/s]
Ep17:  28%|██▊       | 16/58 [00:03<00:07,  5.38it/s]
Ep17:  29%|██▉       | 17/58 [00:03<00:07,  5.43it/s]
Ep17:  31%|███       | 18/58 [00:04<00:07,  5.21it/s]
Ep17:  33%|███▎      | 19/58 [00:04<00:07,  5.03it/s]
Ep17:  34%|███▍      | 20/58 [00:04<00:07,  5.20it/s]
Ep17:  36%|███▌      | 21/58 [00:04<00:06,  5.34it/s]
Ep17:  38%|███▊      | 22/58 [00:04<00:06,  5.20it/s]
Ep17:  40%|███▉      | 23/58 [00:05<00:06,  5.33it/s]
Ep17:  41%|████▏     | 24/58 [00:05<00:06,  5.50it/s]
Ep17:  43%|████▎     | 25/58 [00:05<00:06,  5.27it/s]
Ep17:  45%|████▍     | 26/58 [00:05<00:05,  5.36it/s]
Ep17:  47%|████▋     | 27/58 [00:05<00:05,  5.32it/s]
Ep17:  48%|████▊     | 28/58 [00:05<00:05,  5.28it/s]
Ep17:  50%|█████     | 29/58 [00:06<00:05,  5.29it/s]
Ep17:  52%|█████▏    | 30/58 [00:06<00:05,  5.17it/s]
Ep17:  53%|█████▎    | 31/58 [00:06<00:05,  5.33it/s]
Ep17:  55%|█████▌    | 32/58 [00:06<00:04,  5.41it/s]
Ep17:  59%|█████▊    | 34/58 [00:06<00:03,  6.86it/s]
Ep17:  60%|██████    | 35/58 [00:07<00:03,  7.42it/s]
Ep17:  62%|██████▏   | 36/58 [00:07<00:02,  7.88it/s]
Ep17:  64%|██████▍   | 37/58 [00:07<00:02,  8.35it/s]
Ep17:  66%|██████▌   | 38/58 [00:07<00:02,  8.75it/s]
Ep17:  69%|██████▉   | 40/58 [00:07<00:02,  8.47it/s]
Ep17:  71%|███████   | 41/58 [00:07<00:02,  8.03it/s]
Ep17:  72%|███████▏  | 42/58 [00:07<00:02,  7.85it/s]
Ep17:  74%|███████▍  | 43/58 [00:07<00:01,  7.61it/s]
Ep17:  76%|███████▌  | 44/58 [00:08<00:01,  7.15it/s]
Ep17:  78%|███████▊  | 45/58 [00:08<00:01,  7.76it/s]
Ep17:  79%|███████▉  | 46/58 [00:08<00:01,  8.25it/s]
Ep17:  81%|████████  | 47/58 [00:08<00:01,  8.62it/s]
Ep17:  83%|████████▎ | 48/58 [00:08<00:01,  8.97it/s]
Ep17:  84%|████████▍ | 49/58 [00:08<00:00,  9.16it/s]
Ep17:  86%|████████▌ | 50/58 [00:08<00:00,  9.38it/s]
Ep17:  88%|████████▊ | 51/58 [00:08<00:00,  9.54it/s]
Ep17:  90%|████████▉ | 52/58 [00:08<00:00,  9.24it/s]
Ep17:  91%|█████████▏| 53/58 [00:09<00:00,  7.22it/s]
Ep17:  93%|█████████▎| 54/58 [00:09<00:00,  6.54it/s]
Ep17:  95%|█████████▍| 55/58 [00:09<00:00,  6.32it/s]
Ep17:  97%|█████████▋| 56/58 [00:09<00:00,  6.08it/s]
Ep17:  98%|█████████▊| 57/58 [00:09<00:00,  5.59it/s]
Ep17: 100%|██████████| 58/58 [00:10<00:00,  5.48it/s]
                                                     

Ep18:   0%|          | 0/58 [00:00<?, ?it/s]
Ep18:   2%|▏         | 1/58 [00:00<00:47,  1.20it/s]
Ep18:   3%|▎         | 2/58 [00:01<00:26,  2.14it/s]
Ep18:   5%|▌         | 3/58 [00:01<00:18,  2.97it/s]
Ep18:   7%|▋         | 4/58 [00:01<00:15,  3.47it/s]
Ep18:   9%|▊         | 5/58 [00:01<00:13,  4.00it/s]
Ep18:  10%|█         | 6/58 [00:01<00:11,  4.38it/s]
Ep18:  12%|█▏        | 7/58 [00:01<00:10,  4.64it/s]
Ep18:  14%|█▍        | 8/58 [00:02<00:10,  4.82it/s]
Ep18:  16%|█▌        | 9/58 [00:02<00:09,  5.20it/s]
Ep18:  17%|█▋        | 10/58 [00:02<00:09,  5.09it/s]
Ep18:  19%|█▉        | 11/58 [00:02<00:09,  5.17it/s]
Ep18:  21%|██        | 12/58 [00:02<00:09,  5.05it/s]
Ep18:  22%|██▏       | 13/58 [00:03<00:08,  5.02it/s]
Ep18:  24%|██▍       | 14/58 [00:03<00:08,  4.99it/s]
Ep18:  26%|██▌       | 15/58 [00:03<00:08,  5.17it/s]
Ep18:  28%|██▊       | 16/58 [00:03<00:08,  5.02it/s]
Ep18:  29%|██▉       | 17/58 [00:03<00:08,  5.10it/s]
Ep18:  31%|███       | 18/58 [00:04<00:07,  5.21it/s]
Ep18:  33%|███▎      | 19/58 [00:04<00:07,  5.21it/s]
Ep18:  34%|███▍      | 20/58 [00:04<00:06,  5.99it/s]
Ep18:  38%|███▊      | 22/58 [00:04<00:04,  7.34it/s]
Ep18:  40%|███▉      | 23/58 [00:04<00:04,  7.82it/s]
Ep18:  41%|████▏     | 24/58 [00:04<00:04,  8.24it/s]
Ep18:  43%|████▎     | 25/58 [00:04<00:03,  8.47it/s]
Ep18:  45%|████▍     | 26/58 [00:05<00:03,  8.65it/s]
Ep18:  47%|████▋     | 27/58 [00:05<00:03,  8.95it/s]
Ep18:  48%|████▊     | 28/58 [00:05<00:03,  8.96it/s]
Ep18:  50%|█████     | 29/58 [00:05<00:03,  8.26it/s]
Ep18:  52%|█████▏    | 30/58 [00:05<00:03,  7.89it/s]
Ep18:  53%|█████▎    | 31/58 [00:05<00:03,  7.31it/s]
Ep18:  55%|█████▌    | 32/58 [00:05<00:03,  7.41it/s]
Ep18:  57%|█████▋    | 33/58 [00:05<00:03,  7.99it/s]
Ep18:  59%|█████▊    | 34/58 [00:06<00:02,  8.46it/s]
Ep18:  60%|██████    | 35/58 [00:06<00:02,  8.78it/s]
Ep18:  62%|██████▏   | 36/58 [00:06<00:02,  9.05it/s]
Ep18:  64%|██████▍   | 37/58 [00:06<00:02,  9.22it/s]
Ep18:  66%|██████▌   | 38/58 [00:06<00:02,  9.35it/s]
Ep18:  67%|██████▋   | 39/58 [00:06<00:02,  8.79it/s]
Ep18:  69%|██████▉   | 40/58 [00:06<00:01,  9.10it/s]
Ep18:  71%|███████   | 41/58 [00:06<00:02,  7.33it/s]
Ep18:  72%|███████▏  | 42/58 [00:07<00:02,  6.33it/s]
Ep18:  74%|███████▍  | 43/58 [00:07<00:02,  5.99it/s]
Ep18:  76%|███████▌  | 44/58 [00:07<00:02,  5.90it/s]
Ep18:  78%|███████▊  | 45/58 [00:07<00:02,  5.51it/s]
Ep18:  79%|███████▉  | 46/58 [00:07<00:02,  5.32it/s]
Ep18:  81%|████████  | 47/58 [00:08<00:02,  5.21it/s]
Ep18:  83%|████████▎ | 48/58 [00:08<00:01,  5.34it/s]
Ep18:  84%|████████▍ | 49/58 [00:08<00:01,  5.44it/s]
Ep18:  86%|████████▌ | 50/58 [00:08<00:01,  5.20it/s]
Ep18:  88%|████████▊ | 51/58 [00:08<00:01,  5.27it/s]
Ep18:  90%|████████▉ | 52/58 [00:09<00:01,  5.21it/s]
Ep18:  91%|█████████▏| 53/58 [00:09<00:00,  5.24it/s]
Ep18:  93%|█████████▎| 54/58 [00:09<00:00,  5.25it/s]
Ep18:  95%|█████████▍| 55/58 [00:09<00:00,  5.33it/s]
Ep18:  97%|█████████▋| 56/58 [00:09<00:00,  5.17it/s]
Ep18:  98%|█████████▊| 57/58 [00:09<00:00,  5.02it/s]
Ep18: 100%|██████████| 58/58 [00:10<00:00,  5.25it/s]
                                                     
/data2/home/vcivale/projects/imaging/EAF/scripts/train_phase1_lora.py:178: FutureWarning: You are using `torch.load` with `weights_only=False` (the current default value), which uses the default pickle module implicitly. It is possible to construct malicious pickle data which will execute arbitrary code during unpickling (See https://github.com/pytorch/pytorch/blob/main/SECURITY.md#untrusted-models for more details). In a future release, the default value for `weights_only` will be flipped to `True`. This limits the functions that could be executed during unpickling. Arbitrary objects will no longer be allowed to be loaded via this mode unless they are explicitly allowlisted by the user via `torch.serialization.add_safe_globals`. We recommend you start setting `weights_only=True` for any use case where you don't have full control of the loaded file. Please open an issue on GitHub for any issues related to this experimental feature.
  model.load_adapted_state_dict(torch.load(output_dir / ckpt_name, map_location=device))
Device: cuda | Model: uni | Dataset: break_his
embed_dim=1024  n_blocks=24  n_patches=196  prefix=1
Classes (4): ['fibroadenoma', 'tubular_adenoma', 'ductal_carcinoma', 'mucinous_carcinoma']

Pre-training val: acc=0.332  f1=0.306
Ep 01 | loss=1.1628  gnorm=inf  f1_val=0.6566  best=0.6566
Ep 02 | loss=0.5046  gnorm=inf  f1_val=0.7013  best=0.7013
Ep 03 | loss=0.3927  gnorm=2.676  f1_val=0.7020  best=0.7020
Ep 04 | loss=0.3699  gnorm=1.122  f1_val=0.7013  best=0.7020
Ep 05 | loss=0.3622  gnorm=0.767  f1_val=0.7028  best=0.7028
Ep 06 | loss=0.3578  gnorm=0.614  f1_val=0.7099  best=0.7099
Ep 07 | loss=0.3546  gnorm=0.475  f1_val=0.7077  best=0.7099
Ep 08 | loss=0.3538  gnorm=0.472  f1_val=0.6971  best=0.7099
Ep 09 | loss=0.3518  gnorm=0.366  f1_val=0.6722  best=0.7099
Ep 10 | loss=0.3510  gnorm=0.340  f1_val=0.7273  best=0.7273
Ep 11 | loss=0.3499  gnorm=0.266  f1_val=0.7173  best=0.7273
Ep 12 | loss=0.3496  gnorm=0.247  f1_val=0.6713  best=0.7273
Ep 13 | loss=0.3490  gnorm=0.233  f1_val=0.7163  best=0.7273
Ep 14 | loss=0.3489  gnorm=0.227  f1_val=0.7085  best=0.7273
Ep 15 | loss=0.3485  gnorm=0.205  f1_val=0.7088  best=0.7273
Ep 16 | loss=0.3485  gnorm=0.210  f1_val=0.7088  best=0.7273
Ep 17 | loss=0.3482  gnorm=0.187  f1_val=0.7088  best=0.7273
Early stopping: no improvement for 8 epochs

-- Test --  acc=0.764  f1=0.708  TAR@FAR=0.174
Results saved to: checkpoints/break_his/uni_lora_phase1/results_uni_break_his_phase1.json
LoRA-adapted checkpoint: checkpoints/break_his/uni_lora_phase1/best_uni_break_his_phase1.pt
